[Base paper / dev objective check] 15 simulations
  [   1/15]    78.7s  Hybrid GWO-ABC (Eq. 12) run 4 {'scenario': 'BP1_100nodes', 'setting': 'Eq. 12 with tuned a'}
  [   2/15]    81.2s  Hybrid GWO-ABC (Eq. 12) run 3 {'scenario': 'BP1_100nodes', 'setting': 'Eq. 12 with tuned a'}
  [   3/15]    81.6s  Hybrid GWO-ABC (Eq. 12) run 1 {'scenario': 'BP1_100nodes', 'setting': 'Eq. 12 with tuned a'}
  [   4/15]    82.8s  Hybrid GWO-ABC (Eq. 12) run 2 {'scenario': 'BP1_100nodes', 'setting': 'Eq. 12 with tuned a'}
  [   5/15]    83.7s  Hybrid GWO-ABC (Eq. 12) run 0 {'scenario': 'BP1_100nodes', 'setting': 'Eq. 12 with tuned a'}
  [   6/15]    93.9s  Hybrid GWO-ABC (Eq. 12) run 4 {'scenario': 'BP2_160nodes', 'setting': 'Eq. 12 with tuned a'}
  [   7/15]    94.6s  Hybrid GWO-ABC (Eq. 12) run 3 {'scenario': 'BP2_160nodes', 'setting': 'Eq. 12 with tuned a'}
  [   8/15]    95.8s  Hybrid GWO-ABC (Eq. 12) run 2 {'scenario': 'BP2_160nodes', 'setting': 'Eq. 12 with tuned a'}
  [   9/15]    96.6s  Hybrid GWO-ABC (Eq. 12) run 1 {'scenario': 'BP2_160nodes', 'setting': 'Eq. 12 with tuned a'}
  [  10/15]    96.6s  Hybrid GWO-ABC (Eq. 12) run 0 {'scenario': 'BP2_160nodes', 'setting': 'Eq. 12 with tuned a'}
  [  11/15]   103.5s  Hybrid GWO-ABC (Eq. 12) run 0 {'scenario': 'BP3_200nodes', 'setting': 'Eq. 12 with tuned a'}
  [  12/15]   140.3s  Hybrid GWO-ABC (Eq. 12) run 1 {'scenario': 'BP3_200nodes', 'setting': 'Eq. 12 with tuned a'}
  [  13/15]   144.8s  Hybrid GWO-ABC (Eq. 12) run 3 {'scenario': 'BP3_200nodes', 'setting': 'Eq. 12 with tuned a'}
  [  14/15]   145.5s  Hybrid GWO-ABC (Eq. 12) run 2 {'scenario': 'BP3_200nodes', 'setting': 'Eq. 12 with tuned a'}
  [  15/15]   145.9s  Hybrid GWO-ABC (Eq. 12) run 4 {'scenario': 'BP3_200nodes', 'setting': 'Eq. 12 with tuned a'}
       scenario                          proposed variant  fnd %  hnd %  lnd %  node_rounds %  throughput_packets %  pdr %
0  BP1_100nodes                   Hybrid GWO-ABC (Eq. 12)  -0.44   7.25   7.61           6.96                  6.85  -0.10
1  BP1_100nodes  Hybrid GWO-ABC (multi-objective fitness)  -2.05   0.85   2.29           0.84                  1.43   0.58
2  BP2_160nodes                   Hybrid GWO-ABC (Eq. 12)   0.99   7.60   4.21           7.27                  7.50   0.23
3  BP2_160nodes  Hybrid GWO-ABC (multi-objective fitness)  -0.28   1.42  -0.43           1.49                  2.29   0.79
4  BP3_200nodes                   Hybrid GWO-ABC (Eq. 12)  -1.14   3.18   0.00           2.16                  2.19   0.03
5  BP3_200nodes  Hybrid GWO-ABC (multi-objective fitness)  -3.87   0.55   0.00           0.17                  0.33   0.16
