[Scenario S1_100nodes] 4 algorithms x 20 runs -> C:\Users\Admin\Hybrid-GWO-ABC-WSN\results\scenarios\S1_100nodes
  [   1/80]     3.2s  LEACH                  run 0 
  [   2/80]     3.4s  LEACH                  run 1 
  [   3/80]     4.7s  LEACH                  run 2 
  [   4/80]    37.7s  GWO                    run 2 
  [   5/80]    40.4s  GWO                    run 1 
  [   6/80]    42.3s  LEACH                  run 3 
  [   7/80]    44.3s  GWO                    run 0 
  [   8/80]    83.1s  ABC                    run 0 
  [   9/80]    83.9s  ABC                    run 1 
  [  10/80]    84.1s  ABC                    run 2 
  [  11/80]    84.4s  ABC                    run 3 
  [  12/80]    86.1s  LEACH                  run 4 
  [  13/80]    87.0s  GWO                    run 3 
  [  14/80]    89.4s  LEACH                  run 5 
  [  15/80]   116.6s  Hybrid GWO-ABC         run 0 
  [  16/80]   122.9s  Hybrid GWO-ABC         run 3 
  [  17/80]   123.0s  Hybrid GWO-ABC         run 1 
  [  18/80]   124.1s  Hybrid GWO-ABC         run 2 
  [  19/80]   125.6s  LEACH                  run 6 
  [  20/80]   145.9s  GWO                    run 4 
  [  21/80]   151.9s  GWO                    run 5 
  [  22/80]   152.2s  ABC                    run 4 
  [  23/80]   154.9s  LEACH                  run 7 
  [  24/80]   186.6s  Hybrid GWO-ABC         run 4 
  [  25/80]   186.8s  GWO                    run 6 
  [  26/80]   189.3s  LEACH                  run 8 
  [  27/80]   199.2s  ABC                    run 5 
  [  28/80]   208.5s  GWO                    run 7 
  [  29/80]   232.9s  ABC                    run 6 
  [  30/80]   235.6s  LEACH                  run 9 
  [  31/80]   238.4s  Hybrid GWO-ABC         run 5 
  [  32/80]   243.1s  ABC                    run 7 
  [  33/80]   250.4s  Hybrid GWO-ABC         run 6 
  [  34/80]   259.5s  LEACH                  run 10 
  [  35/80]   275.3s  GWO                    run 8 
  [  36/80]   298.5s  ABC                    run 8 
  [  37/80]   300.9s  GWO                    run 9 
  [  38/80]   315.0s  LEACH                  run 11 
  [  39/80]   322.4s  Hybrid GWO-ABC         run 7 
  [  40/80]   364.2s  GWO                    run 10 
  [  41/80]   368.4s  Hybrid GWO-ABC         run 8 
  [  42/80]   371.3s  LEACH                  run 12 
  [  43/80]   374.4s  ABC                    run 9 
  [  44/80]   405.1s  GWO                    run 11 
  [  45/80]   416.5s  Hybrid GWO-ABC         run 9 
  [  46/80]   419.7s  LEACH                  run 13 
  [  47/80]   432.2s  ABC                    run 10 
  [  48/80]   442.6s  ABC                    run 11 
  [  49/80]   443.3s  GWO                    run 12 
  [  50/80]   447.0s  LEACH                  run 14 
  [  51/80]   473.1s  Hybrid GWO-ABC         run 10 
  [  52/80]   477.1s  ABC                    run 12 
  [  53/80]   482.1s  GWO                    run 13 
  [  54/80]   484.7s  LEACH                  run 15 
  [  55/80]   491.6s  Hybrid GWO-ABC         run 11 
  [  56/80]   512.3s  Hybrid GWO-ABC         run 12 
  [  57/80]   514.1s  ABC                    run 13 
  [  58/80]   515.7s  GWO                    run 14 
  [  59/80]   516.6s  LEACH                  run 16 
  [  60/80]   545.9s  GWO                    run 15 
  [  61/80]   551.8s  Hybrid GWO-ABC         run 13 
  [  62/80]   554.1s  LEACH                  run 17 
  [  63/80]   562.4s  ABC                    run 14 
  [  64/80]   578.8s  GWO                    run 16 
  [  65/80]   581.6s  Hybrid GWO-ABC         run 14 
  [  66/80]   584.3s  LEACH                  run 18 
  [  67/80]   589.8s  ABC                    run 15 
  [  68/80]   610.7s  GWO                    run 17 
  [  69/80]   614.0s  ABC                    run 16 
  [  70/80]   614.3s  Hybrid GWO-ABC         run 15 
  [  71/80]   616.7s  LEACH                  run 19 
  [  72/80]   633.9s  ABC                    run 17 
  [  73/80]   642.2s  GWO                    run 18 
  [  74/80]   644.8s  Hybrid GWO-ABC         run 16 
  [  75/80]   661.7s  GWO                    run 19 
  [  76/80]   662.7s  Hybrid GWO-ABC         run 17 
  [  77/80]   665.5s  ABC                    run 18 
  [  78/80]   675.7s  ABC                    run 19 
  [  79/80]   676.5s  Hybrid GWO-ABC         run 18 
  [  80/80]   684.8s  Hybrid GWO-ABC         run 19 
[Scenario S2_200nodes] 4 algorithms x 10 runs -> C:\Users\Admin\Hybrid-GWO-ABC-WSN\results\scenarios\S2_200nodes
  [   1/40]    16.3s  LEACH                  run 1 
  [   2/40]    16.4s  LEACH                  run 0 
  [   3/40]    19.4s  LEACH                  run 2 
  [   4/40]   113.7s  GWO                    run 0 
  [   5/40]   115.1s  GWO                    run 2 
  [   6/40]   116.3s  GWO                    run 1 
  [   7/40]   118.7s  LEACH                  run 3 
  [   8/40]   164.2s  ABC                    run 0 
  [   9/40]   166.5s  ABC                    run 2 
  [  10/40]   166.9s  ABC                    run 1 
  [  11/40]   170.3s  LEACH                  run 4 
  [  12/40]   172.1s  ABC                    run 3 
  [  13/40]   206.8s  Hybrid GWO-ABC         run 0 
  [  14/40]   208.4s  Hybrid GWO-ABC         run 2 
  [  15/40]   210.5s  LEACH                  run 5 
  [  16/40]   210.5s  Hybrid GWO-ABC         run 3 
  [  17/40]   212.2s  Hybrid GWO-ABC         run 1 
  [  18/40]   214.3s  GWO                    run 3 
  [  19/40]   216.1s  LEACH                  run 6 
  [  20/40]   268.0s  GWO                    run 4 
  [  21/40]   271.6s  GWO                    run 5 
  [  22/40]   275.0s  LEACH                  run 7 
  [  23/40]   276.2s  ABC                    run 4 
  [  24/40]   308.8s  GWO                    run 6 
  [  25/40]   311.2s  Hybrid GWO-ABC         run 4 
  [  26/40]   314.6s  LEACH                  run 8 
  [  27/40]   316.6s  ABC                    run 5 
  [  28/40]   353.7s  Hybrid GWO-ABC         run 5 
  [  29/40]   354.5s  ABC                    run 6 
  [  30/40]   358.0s  LEACH                  run 9 
  [  31/40]   358.4s  ABC                    run 7 
  [  32/40]   362.1s  GWO                    run 7 
  [  33/40]   385.1s  Hybrid GWO-ABC         run 6 
  [  34/40]   386.7s  Hybrid GWO-ABC         run 7 
  [  35/40]   392.8s  GWO                    run 8 
  [  36/40]   402.3s  ABC                    run 8 
  [  37/40]   418.5s  GWO                    run 9 
  [  38/40]   421.9s  Hybrid GWO-ABC         run 8 
  [  39/40]   422.6s  ABC                    run 9 
  [  40/40]   434.5s  Hybrid GWO-ABC         run 9 
[Scenario S3_300nodes] 4 algorithms x 10 runs -> C:\Users\Admin\Hybrid-GWO-ABC-WSN\results\scenarios\S3_300nodes
  [   1/40]     8.6s  LEACH                  run 0 
  [   2/40]     8.7s  LEACH                  run 1 
  [   3/40]    13.5s  LEACH                  run 2 
  [   4/40]   165.4s  GWO                    run 1 
  [   5/40]   171.4s  GWO                    run 2 
  [   6/40]   173.3s  GWO                    run 0 
  [   7/40]   176.2s  LEACH                  run 3 
  [   8/40]   221.1s  ABC                    run 1 
  [   9/40]   223.2s  ABC                    run 0 
  [  10/40]   224.5s  ABC                    run 2 
  [  11/40]   227.9s  LEACH                  run 4 
  [  12/40]   229.9s  ABC                    run 3 
  [  13/40]   260.4s  Hybrid GWO-ABC         run 1 
  [  14/40]   265.1s  Hybrid GWO-ABC         run 0 
  [  15/40]   265.5s  LEACH                  run 5 
  [  16/40]   267.9s  Hybrid GWO-ABC         run 3 
  [  17/40]   271.0s  Hybrid GWO-ABC         run 2 
  [  18/40]   276.1s  LEACH                  run 6 
  [  19/40]   321.8s  GWO                    run 3 
  [  20/40]   377.8s  GWO                    run 4 
  [  21/40]   385.2s  GWO                    run 5 
  [  22/40]   390.5s  LEACH                  run 7 
  [  23/40]   398.6s  ABC                    run 4 
  [  24/40]   429.2s  GWO                    run 6 
  [  25/40]   431.7s  Hybrid GWO-ABC         run 4 
  [  26/40]   437.2s  LEACH                  run 8 
  [  27/40]   439.6s  ABC                    run 5 
  [  28/40]   477.0s  Hybrid GWO-ABC         run 5 
  [  29/40]   482.4s  ABC                    run 6 
  [  30/40]   487.3s  LEACH                  run 9 
  [  31/40]   530.2s  GWO                    run 7 
  [  32/40]   531.2s  Hybrid GWO-ABC         run 7 
  [  33/40]   531.6s  Hybrid GWO-ABC         run 6 
  [  34/40]   532.3s  ABC                    run 7 
  [  35/40]   562.9s  GWO                    run 8 
  [  36/40]   583.8s  ABC                    run 8 
  [  37/40]  2418.5s  Hybrid GWO-ABC         run 8 
  [  38/40]  2421.0s  ABC                    run 9 
  [  39/40]  2424.0s  GWO                    run 9 
  [  40/40]  2430.1s  Hybrid GWO-ABC         run 9 
[Scenario S4_100nodes_BS_edge] 4 algorithms x 10 runs -> C:\Users\Admin\Hybrid-GWO-ABC-WSN\results\scenarios\S4_100nodes_BS_edge
  [   1/40]     6.7s  LEACH                  run 0 
  [   2/40]     6.7s  LEACH                  run 1 
  [   3/40]     8.8s  LEACH                  run 2 
  [   4/40]    53.0s  GWO                    run 2 
  [   5/40]    53.2s  GWO                    run 1 
  [   6/40]    53.3s  GWO                    run 0 
  [   7/40]    55.4s  LEACH                  run 3 
  [   8/40]    91.3s  ABC                    run 0 
  [   9/40]    91.7s  ABC                    run 2 
  [  10/40]    92.9s  ABC                    run 1 
  [  11/40]    93.9s  LEACH                  run 4 
  [  12/40]    96.3s  ABC                    run 3 
  [  13/40]   100.1s  GWO                    run 3 
  [  14/40]   102.8s  LEACH                  run 5 
  [  15/40]   118.4s  Hybrid GWO-ABC         run 2 
  [  16/40]   120.9s  Hybrid GWO-ABC         run 1 
  [  17/40]   120.9s  Hybrid GWO-ABC         run 0 
  [  18/40]   121.4s  Hybrid GWO-ABC         run 3 
  [  19/40]   122.8s  LEACH                  run 6 
  [  20/40]   138.3s  GWO                    run 4 
  [  21/40]   142.3s  ABC                    run 4 
  [  22/40]   144.3s  LEACH                  run 7 
  [  23/40]   145.2s  GWO                    run 5 
  [  24/40]   167.4s  Hybrid GWO-ABC         run 4 
  [  25/40]   169.1s  GWO                    run 6 
  [  26/40]   171.1s  LEACH                  run 8 
  [  27/40]   179.5s  ABC                    run 5 
  [  28/40]   186.1s  GWO                    run 7 
  [  29/40]   203.3s  ABC                    run 6 
  [  30/40]   205.2s  LEACH                  run 9 
  [  31/40]   207.1s  Hybrid GWO-ABC         run 5 
  [  32/40]   208.6s  ABC                    run 7 
  [  33/40]   211.5s  GWO                    run 8 
  [  34/40]   215.1s  Hybrid GWO-ABC         run 6 
  [  35/40]   226.9s  ABC                    run 8 
  [  36/40]   227.1s  GWO                    run 9 
  [  37/40]   229.4s  Hybrid GWO-ABC         run 7 
  [  38/40]   239.1s  Hybrid GWO-ABC         run 8 
  [  39/40]   244.5s  ABC                    run 9 
  [  40/40]   249.9s  Hybrid GWO-ABC         run 9 
[Scenario S5_100nodes_BS_outside] 4 algorithms x 10 runs -> C:\Users\Admin\Hybrid-GWO-ABC-WSN\results\scenarios\S5_100nodes_BS_outside
  [   1/40]     5.3s  LEACH                  run 1 
  [   2/40]     5.5s  LEACH                  run 0 
  [   3/40]     7.3s  LEACH                  run 2 
  [   4/40]    44.0s  GWO                    run 2 
  [   5/40]    44.2s  GWO                    run 1 
  [   6/40]    45.4s  GWO                    run 0 
  [   7/40]    46.0s  LEACH                  run 3 
  [   8/40]    76.7s  ABC                    run 1 
  [   9/40]    79.0s  ABC                    run 0 
  [  10/40]    79.0s  ABC                    run 2 
  [  11/40]    80.8s  LEACH                  run 4 
  [  12/40]    82.1s  ABC                    run 3 
  [  13/40]    84.4s  GWO                    run 3 
  [  14/40]    86.5s  LEACH                  run 5 
  [  15/40]   103.4s  Hybrid GWO-ABC         run 1 
  [  16/40]   105.0s  Hybrid GWO-ABC         run 2 
  [  17/40]   106.0s  Hybrid GWO-ABC         run 0 
  [  18/40]   107.0s  Hybrid GWO-ABC         run 3 
  [  19/40]   108.3s  LEACH                  run 6 
  [  20/40]   121.4s  GWO                    run 4 
  [  21/40]   124.1s  ABC                    run 4 
  [  22/40]   126.3s  LEACH                  run 7 
  [  23/40]   128.9s  GWO                    run 5 
  [  24/40]   152.0s  Hybrid GWO-ABC         run 4 
  [  25/40]   152.0s  GWO                    run 6 
  [  26/40]   154.1s  LEACH                  run 8 
  [  27/40]   167.0s  ABC                    run 5 
  [  28/40]   168.2s  GWO                    run 7 
  [  29/40]   190.3s  ABC                    run 6 
  [  30/40]   192.1s  LEACH                  run 9 
  [  31/40]   192.5s  Hybrid GWO-ABC         run 5 
  [  32/40]   195.7s  ABC                    run 7 
  [  33/40]   197.3s  Hybrid GWO-ABC         run 6 
  [  34/40]   197.8s  GWO                    run 8 
  [  35/40]   208.1s  ABC                    run 8 
  [  36/40]   209.4s  GWO                    run 9 
  [  37/40]   212.8s  Hybrid GWO-ABC         run 7 
  [  38/40]   221.9s  Hybrid GWO-ABC         run 8 
  [  39/40]   227.3s  ABC                    run 9 
  [  40/40]   231.8s  Hybrid GWO-ABC         run 9 
[Ablation study] 8 algorithms x 10 runs -> C:\Users\Admin\Hybrid-GWO-ABC-WSN\results\ablation
  [   1/80]    55.5s  GWO only               run 0 
  [   2/80]    79.3s  ABC->GWO               run 0 
  [   3/80]    81.1s  GWO->ABC               run 0 
  [   4/80]  1393.1s  ABC only               run 0 
  [   5/80]  1422.3s  Hybrid w/o distance    run 1 
  [   6/80]  1426.0s  Hybrid w/o balance     run 1 
  [   7/80]  1426.3s  Hybrid w/o balance     run 0 
  [   8/80]  1427.8s  Full Hybrid GWO-ABC    run 0 
  [   9/80]  1428.1s  GWO only               run 1 
  [  10/80]  1428.2s  Hybrid w/o distance    run 0 
  [  11/80]  1433.8s  Hybrid w/o energy      run 0 
  [  12/80]  1446.3s  Hybrid w/o energy      run 1 
  [  13/80]  1469.4s  ABC only               run 1 
  [  14/80]  1472.5s  GWO->ABC               run 1 
  [  15/80]  1482.1s  Full Hybrid GWO-ABC    run 1 
  [  16/80]  1485.5s  GWO only               run 2 
  [  17/80]  1497.3s  ABC->GWO               run 1 
  [  18/80]  1522.1s  ABC only               run 2 
  [  19/80]  1523.9s  GWO->ABC               run 2 
  [  20/80]  1542.6s  ABC->GWO               run 2 
  [  21/80]  1549.2s  Hybrid w/o distance    run 2 
  [  22/80]  1555.0s  Full Hybrid GWO-ABC    run 2 
  [  23/80]  1555.2s  Hybrid w/o balance     run 2 
  [  24/80]  1565.6s  Hybrid w/o energy      run 2 
  [  25/80]  1576.6s  GWO only               run 3 
  [  26/80]  1609.1s  Hybrid w/o distance    run 3 
  [  27/80]  1612.1s  Hybrid w/o balance     run 3 
  [  28/80]  1620.1s  ABC only               run 3 
  [  29/80]  1620.7s  GWO->ABC               run 3 
  [  30/80]  1621.4s  Full Hybrid GWO-ABC    run 3 
  [  31/80]  1624.2s  ABC->GWO               run 3 
  [  32/80]  1627.6s  Hybrid w/o energy      run 3 
  [  33/80]  1660.5s  GWO only               run 4 
  [  34/80]  1677.2s  Hybrid w/o distance    run 4 
  [  35/80]  1690.2s  Hybrid w/o balance     run 4 
  [  36/80]  1691.7s  ABC->GWO               run 4 
  [  37/80]  1695.2s  GWO->ABC               run 4 
  [  38/80]  1700.7s  Full Hybrid GWO-ABC    run 4 
  [  39/80]  1704.9s  ABC only               run 4 
  [  40/80]  1707.1s  Hybrid w/o energy      run 4 
  [  41/80]  1746.9s  GWO only               run 5 
  [  42/80]  1751.6s  Hybrid w/o distance    run 5 
  [  43/80]  1756.8s  Hybrid w/o energy      run 5 
  [  44/80]  1758.7s  Hybrid w/o balance     run 5 
  [  45/80]  1774.1s  ABC->GWO               run 5 
  [  46/80]  1775.3s  GWO->ABC               run 5 
  [  47/80]  1780.6s  ABC only               run 5 
  [  48/80]  1793.7s  Full Hybrid GWO-ABC    run 5 
  [  49/80]  1812.7s  GWO only               run 6 
  [  50/80]  1838.9s  Hybrid w/o distance    run 6 
  [  51/80]  1841.4s  GWO->ABC               run 6 
  [  52/80]  1842.6s  Hybrid w/o energy      run 6 
  [  53/80]  1843.1s  Hybrid w/o balance     run 6 
  [  54/80]  1853.5s  ABC only               run 6 
  [  55/80]  1853.5s  ABC->GWO               run 6 
  [  56/80]  1880.6s  Full Hybrid GWO-ABC    run 6 
  [  57/80]  1898.1s  GWO only               run 7 
  [  58/80]  1913.3s  Hybrid w/o distance    run 7 
  [  59/80]  1924.4s  ABC->GWO               run 7 
  [  60/80]  1925.8s  GWO->ABC               run 7 
  [  61/80]  1930.3s  Hybrid w/o balance     run 7 
  [  62/80]  1931.7s  Hybrid w/o energy      run 7 
  [  63/80]  1942.8s  ABC only               run 7 
  [  64/80]  1946.6s  Full Hybrid GWO-ABC    run 7 
  [  65/80]  1983.5s  GWO only               run 8 
  [  66/80]  1993.5s  Hybrid w/o distance    run 8 
  [  67/80]  2765.4s  GWO->ABC               run 8 
  [  68/80]  2769.5s  ABC->GWO               run 8 
  [  69/80]  2775.4s  Hybrid w/o energy      run 8 
  [  70/80]  2775.8s  ABC only               run 8 
  [  71/80]  2777.7s  Hybrid w/o balance     run 8 
  [  72/80]  2796.6s  Full Hybrid GWO-ABC    run 8 
  [  73/80]  2816.3s  GWO only               run 9 
  [  74/80]  2821.5s  Hybrid w/o energy      run 9 
  [  75/80]  2824.3s  Hybrid w/o distance    run 9 
  [  76/80]  2827.3s  Hybrid w/o balance     run 9 
  [  77/80]  2831.3s  GWO->ABC               run 9 
  [  78/80]  2832.0s  ABC->GWO               run 9 
  [  79/80]  2832.6s  ABC only               run 9 
  [  80/80]  2837.0s  Full Hybrid GWO-ABC    run 9 
[Sensitivity] 590 simulations -> C:\Users\Admin\Hybrid-GWO-ABC-WSN\results\sensitivity
  [   1/590]   108.5s  Hybrid GWO-ABC         run 1 {'factor': 'n_nodes', 'value': '50'}
  [   2/590]   108.5s  Hybrid GWO-ABC         run 4 {'factor': 'n_nodes', 'value': '50'}
  [   3/590]   108.7s  Hybrid GWO-ABC         run 0 {'factor': 'n_nodes', 'value': '50'}
  [   4/590]   108.7s  Hybrid GWO-ABC         run 2 {'factor': 'n_nodes', 'value': '50'}
  [   5/590]   110.7s  Hybrid GWO-ABC         run 3 {'factor': 'n_nodes', 'value': '50'}
  [   6/590]   120.1s  Hybrid GWO-ABC         run 2 {'factor': 'n_nodes', 'value': '100'}
  [   7/590]   122.0s  Hybrid GWO-ABC         run 4 {'factor': 'n_nodes', 'value': '100'}
  [   8/590]   122.1s  Hybrid GWO-ABC         run 3 {'factor': 'n_nodes', 'value': '100'}
  [   9/590]   122.4s  Hybrid GWO-ABC         run 0 {'factor': 'n_nodes', 'value': '100'}
  [  10/590]   123.8s  Hybrid GWO-ABC         run 1 {'factor': 'n_nodes', 'value': '100'}
  [  11/590]   140.0s  Hybrid GWO-ABC         run 0 {'factor': 'n_nodes', 'value': '150'}
  [  12/590]   268.4s  Hybrid GWO-ABC         run 3 {'factor': 'n_nodes', 'value': '150'}
  [  13/590]   268.5s  Hybrid GWO-ABC         run 2 {'factor': 'n_nodes', 'value': '150'}
  [  14/590]   269.2s  Hybrid GWO-ABC         run 4 {'factor': 'n_nodes', 'value': '150'}
  [  15/590]   274.5s  Hybrid GWO-ABC         run 0 {'factor': 'area', 'value': '50'}
  [  16/590]   275.1s  Hybrid GWO-ABC         run 1 {'factor': 'n_nodes', 'value': '150'}
  [  17/590]   285.1s  Hybrid GWO-ABC         run 0 {'factor': 'n_nodes', 'value': '200'}
  [  18/590]   294.8s  Hybrid GWO-ABC         run 1 {'factor': 'area', 'value': '50'}
  [  19/590]   297.3s  Hybrid GWO-ABC         run 1 {'factor': 'n_nodes', 'value': '200'}
  [  20/590]   298.4s  Hybrid GWO-ABC         run 3 {'factor': 'n_nodes', 'value': '200'}
  [  21/590]   299.1s  Hybrid GWO-ABC         run 2 {'factor': 'n_nodes', 'value': '200'}
  [  22/590]   305.7s  Hybrid GWO-ABC         run 4 {'factor': 'n_nodes', 'value': '200'}
  [  23/590]   416.9s  Hybrid GWO-ABC         run 0 {'factor': 'area', 'value': '100'}
  [  24/590]   417.1s  Hybrid GWO-ABC         run 2 {'factor': 'area', 'value': '50'}
  [  25/590]   417.7s  Hybrid GWO-ABC         run 3 {'factor': 'area', 'value': '50'}
  [  26/590]   418.8s  Hybrid GWO-ABC         run 4 {'factor': 'area', 'value': '50'}
  [  27/590]   421.6s  Hybrid GWO-ABC         run 1 {'factor': 'area', 'value': '100'}
  [  28/590]   425.9s  Hybrid GWO-ABC         run 2 {'factor': 'area', 'value': '100'}
  [  29/590]   427.3s  Hybrid GWO-ABC         run 1 {'factor': 'area', 'value': '150'}
  [  30/590]   428.1s  Hybrid GWO-ABC         run 0 {'factor': 'area', 'value': '150'}
  [  31/590]   434.4s  Hybrid GWO-ABC         run 3 {'factor': 'area', 'value': '100'}
  [  32/590]   435.2s  Hybrid GWO-ABC         run 2 {'factor': 'area', 'value': '150'}
  [  33/590]   437.3s  Hybrid GWO-ABC         run 4 {'factor': 'area', 'value': '100'}
  [  34/590]   495.1s  Hybrid GWO-ABC         run 0 {'factor': 'initial_energy', 'value': '0.25'}
  [  35/590]   502.7s  Hybrid GWO-ABC         run 1 {'factor': 'initial_energy', 'value': '0.25'}
  [  36/590]   502.8s  Hybrid GWO-ABC         run 2 {'factor': 'initial_energy', 'value': '0.25'}
  [  37/590]   504.1s  Hybrid GWO-ABC         run 3 {'factor': 'initial_energy', 'value': '0.25'}
  [  38/590]   525.9s  Hybrid GWO-ABC         run 1 {'factor': 'area', 'value': '200'}
  [  39/590]   526.8s  Hybrid GWO-ABC         run 0 {'factor': 'area', 'value': '200'}
  [  40/590]   529.0s  Hybrid GWO-ABC         run 2 {'factor': 'area', 'value': '200'}
  [  41/590]   532.8s  Hybrid GWO-ABC         run 3 {'factor': 'area', 'value': '200'}
  [  42/590]   536.3s  Hybrid GWO-ABC         run 4 {'factor': 'area', 'value': '200'}
  [  43/590]   541.3s  Hybrid GWO-ABC         run 3 {'factor': 'area', 'value': '150'}
  [  44/590]   542.7s  Hybrid GWO-ABC         run 4 {'factor': 'area', 'value': '150'}
  [  45/590]   561.9s  Hybrid GWO-ABC         run 4 {'factor': 'initial_energy', 'value': '0.25'}
  [  46/590]   637.5s  Hybrid GWO-ABC         run 0 {'factor': 'initial_energy', 'value': '0.5'}
  [  47/590]   637.8s  Hybrid GWO-ABC         run 2 {'factor': 'initial_energy', 'value': '0.5'}
  [  48/590]   639.6s  Hybrid GWO-ABC         run 1 {'factor': 'initial_energy', 'value': '0.5'}
  [  49/590]   661.6s  Hybrid GWO-ABC         run 3 {'factor': 'initial_energy', 'value': '0.5'}
  [  50/590]   664.5s  Hybrid GWO-ABC         run 4 {'factor': 'initial_energy', 'value': '0.5'}
  [  51/590]   692.0s  Hybrid GWO-ABC         run 0 {'factor': 'ch_percentage', 'value': '0.03'}
  [  52/590]   769.1s  Hybrid GWO-ABC         run 2 {'factor': 'ch_percentage', 'value': '0.03'}
  [  53/590]   769.6s  Hybrid GWO-ABC         run 0 {'factor': 'initial_energy', 'value': '1.0'}
  [  54/590]   770.4s  Hybrid GWO-ABC         run 1 {'factor': 'ch_percentage', 'value': '0.03'}
  [  55/590]   771.4s  Hybrid GWO-ABC         run 1 {'factor': 'initial_energy', 'value': '1.0'}
  [  56/590]   771.7s  Hybrid GWO-ABC         run 2 {'factor': 'initial_energy', 'value': '1.0'}
  [  57/590]   771.8s  Hybrid GWO-ABC         run 3 {'factor': 'ch_percentage', 'value': '0.03'}
  [  58/590]   778.5s  Hybrid GWO-ABC         run 4 {'factor': 'initial_energy', 'value': '1.0'}
  [  59/590]   778.9s  Hybrid GWO-ABC         run 3 {'factor': 'initial_energy', 'value': '1.0'}
  [  60/590]   807.7s  Hybrid GWO-ABC         run 4 {'factor': 'ch_percentage', 'value': '0.03'}
  [  61/590]   825.0s  Hybrid GWO-ABC         run 0 {'factor': 'ch_percentage', 'value': '0.05'}
  [  62/590]   875.8s  Hybrid GWO-ABC         run 1 {'factor': 'ch_percentage', 'value': '0.05'}
  [  63/590]   990.5s  Hybrid GWO-ABC         run 2 {'factor': 'ch_percentage', 'value': '0.05'}
  [  64/590]   991.1s  Hybrid GWO-ABC         run 3 {'factor': 'ch_percentage', 'value': '0.05'}
  [  65/590]   993.4s  Hybrid GWO-ABC         run 4 {'factor': 'ch_percentage', 'value': '0.05'}
  [  66/590]   995.2s  Hybrid GWO-ABC         run 1 {'factor': 'ch_percentage', 'value': '0.08'}
  [  67/590]   998.8s  Hybrid GWO-ABC         run 2 {'factor': 'ch_percentage', 'value': '0.08'}
  [  68/590]   999.2s  Hybrid GWO-ABC         run 0 {'factor': 'ch_percentage', 'value': '0.08'}
  [  69/590]  1003.2s  Hybrid GWO-ABC         run 3 {'factor': 'ch_percentage', 'value': '0.08'}
  [  70/590]  1003.8s  Hybrid GWO-ABC         run 4 {'factor': 'ch_percentage', 'value': '0.08'}
  [  71/590]  1023.7s  Hybrid GWO-ABC         run 0 {'factor': 'ch_percentage', 'value': '0.1'}
  [  72/590]  1032.1s  Hybrid GWO-ABC         run 1 {'factor': 'ch_percentage', 'value': '0.1'}
  [  73/590]  1061.0s  Hybrid GWO-ABC         run 2 {'factor': 'ch_percentage', 'value': '0.1'}
  [  74/590]  1134.0s  Hybrid GWO-ABC         run 0 {'factor': 'bs_position', 'value': '(50,50)'}
  [  75/590]  1136.4s  Hybrid GWO-ABC         run 1 {'factor': 'bs_position', 'value': '(50,50)'}
  [  76/590]  1136.8s  Hybrid GWO-ABC         run 4 {'factor': 'ch_percentage', 'value': '0.1'}
  [  77/590]  1137.2s  Hybrid GWO-ABC         run 3 {'factor': 'ch_percentage', 'value': '0.1'}
  [  78/590]  1139.6s  Hybrid GWO-ABC         run 3 {'factor': 'bs_position', 'value': '(50,50)'}
  [  79/590]  1140.3s  Hybrid GWO-ABC         run 2 {'factor': 'bs_position', 'value': '(50,50)'}
  [  80/590]  1143.2s  Hybrid GWO-ABC         run 0 {'factor': 'bs_position', 'value': '(50,100)'}
  [  81/590]  1144.7s  Hybrid GWO-ABC         run 4 {'factor': 'bs_position', 'value': '(50,50)'}
  [  82/590]  1161.8s  Hybrid GWO-ABC         run 1 {'factor': 'bs_position', 'value': '(50,100)'}
  [  83/590]  1170.5s  Hybrid GWO-ABC         run 2 {'factor': 'bs_position', 'value': '(50,100)'}
  [  84/590]  1199.5s  Hybrid GWO-ABC         run 3 {'factor': 'bs_position', 'value': '(50,100)'}
  [  85/590]  1260.8s  Hybrid GWO-ABC         run 0 {'factor': 'bs_position', 'value': '(50,150)'}
  [  86/590]  1268.7s  Hybrid GWO-ABC         run 3 {'factor': 'bs_position', 'value': '(50,150)'}
  [  87/590]  1269.8s  Hybrid GWO-ABC         run 2 {'factor': 'bs_position', 'value': '(50,150)'}
  [  88/590]  1270.3s  Hybrid GWO-ABC         run 4 {'factor': 'bs_position', 'value': '(50,150)'}
  [  89/590]  1274.4s  Hybrid GWO-ABC         run 1 {'factor': 'bs_position', 'value': '(50,150)'}
  [  90/590]  1274.7s  Hybrid GWO-ABC         run 4 {'factor': 'bs_position', 'value': '(50,100)'}
  [  91/590]  1280.6s  Hybrid GWO-ABC         run 1 {'factor': 'bs_position', 'value': '(0,0)'}
  [  92/590]  1283.7s  Hybrid GWO-ABC         run 0 {'factor': 'bs_position', 'value': '(0,0)'}
  [  93/590]  1302.7s  Hybrid GWO-ABC         run 2 {'factor': 'bs_position', 'value': '(0,0)'}
  [  94/590]  1310.5s  Hybrid GWO-ABC         run 3 {'factor': 'bs_position', 'value': '(0,0)'}
  [  95/590]  1344.6s  Hybrid GWO-ABC         run 4 {'factor': 'bs_position', 'value': '(0,0)'}
  [  96/590]  1397.3s  Hybrid GWO-ABC         run 0 {'factor': 'gwo_population', 'value': '10'}
  [  97/590]  1403.3s  Hybrid GWO-ABC         run 1 {'factor': 'gwo_population', 'value': '10'}
  [  98/590]  1406.4s  Hybrid GWO-ABC         run 2 {'factor': 'gwo_population', 'value': '10'}
  [  99/590]  1407.1s  Hybrid GWO-ABC         run 3 {'factor': 'gwo_population', 'value': '10'}
  [ 100/590]  1413.6s  Hybrid GWO-ABC         run 4 {'factor': 'gwo_population', 'value': '10'}
  [ 101/590]  1421.0s  Hybrid GWO-ABC         run 0 {'factor': 'gwo_population', 'value': '20'}
  [ 102/590]  1427.8s  Hybrid GWO-ABC         run 2 {'factor': 'gwo_population', 'value': '20'}
  [ 103/590]  1429.7s  Hybrid GWO-ABC         run 1 {'factor': 'gwo_population', 'value': '20'}
  [ 104/590]  1447.8s  Hybrid GWO-ABC         run 3 {'factor': 'gwo_population', 'value': '20'}
  [ 105/590]  1454.9s  Hybrid GWO-ABC         run 4 {'factor': 'gwo_population', 'value': '20'}
  [ 106/590]  1502.6s  Hybrid GWO-ABC         run 0 {'factor': 'gwo_population', 'value': '30'}
  [ 107/590]  1553.9s  Hybrid GWO-ABC         run 1 {'factor': 'gwo_population', 'value': '30'}
  [ 108/590]  1554.0s  Hybrid GWO-ABC         run 2 {'factor': 'gwo_population', 'value': '30'}
  [ 109/590]  1562.4s  Hybrid GWO-ABC         run 4 {'factor': 'gwo_population', 'value': '30'}
  [ 110/590]  1563.3s  Hybrid GWO-ABC         run 3 {'factor': 'gwo_population', 'value': '30'}
  [ 111/590]  1579.3s  Hybrid GWO-ABC         run 0 {'factor': 'gwo_population', 'value': '40'}
  [ 112/590]  1582.0s  Hybrid GWO-ABC         run 1 {'factor': 'gwo_population', 'value': '40'}
  [ 113/590]  1589.2s  Hybrid GWO-ABC         run 2 {'factor': 'gwo_population', 'value': '40'}
  [ 114/590]  1590.1s  Hybrid GWO-ABC         run 0 {'factor': 'abc_colony', 'value': '10'}
  [ 115/590]  1591.4s  Hybrid GWO-ABC         run 3 {'factor': 'gwo_population', 'value': '40'}
  [ 116/590]  1605.0s  Hybrid GWO-ABC         run 4 {'factor': 'gwo_population', 'value': '40'}
  [ 117/590]  1633.4s  Hybrid GWO-ABC         run 1 {'factor': 'abc_colony', 'value': '10'}
  [ 118/590]  1677.5s  Hybrid GWO-ABC         run 2 {'factor': 'abc_colony', 'value': '10'}
  [ 119/590]  1687.4s  Hybrid GWO-ABC         run 3 {'factor': 'abc_colony', 'value': '10'}
  [ 120/590]  1690.5s  Hybrid GWO-ABC         run 4 {'factor': 'abc_colony', 'value': '10'}
  [ 121/590]  1708.5s  Hybrid GWO-ABC         run 0 {'factor': 'abc_colony', 'value': '20'}
  [ 122/590]  1723.7s  Hybrid GWO-ABC         run 1 {'factor': 'abc_colony', 'value': '20'}
  [ 123/590]  1727.5s  Hybrid GWO-ABC         run 2 {'factor': 'abc_colony', 'value': '20'}
  [ 124/590]  1728.7s  Hybrid GWO-ABC         run 3 {'factor': 'abc_colony', 'value': '20'}
  [ 125/590]  1733.4s  Hybrid GWO-ABC         run 4 {'factor': 'abc_colony', 'value': '20'}
  [ 126/590]  1740.1s  Hybrid GWO-ABC         run 0 {'factor': 'abc_colony', 'value': '30'}
  [ 127/590]  1752.9s  Hybrid GWO-ABC         run 1 {'factor': 'abc_colony', 'value': '30'}
  [ 128/590]  1786.4s  Hybrid GWO-ABC         run 0 {'factor': 'iterations', 'value': '10'}
  [ 129/590]  1787.0s  Hybrid GWO-ABC         run 2 {'factor': 'abc_colony', 'value': '30'}
  [ 130/590]  1788.5s  Hybrid GWO-ABC         run 1 {'factor': 'iterations', 'value': '10'}
  [ 131/590]  1803.9s  Hybrid GWO-ABC         run 2 {'factor': 'iterations', 'value': '10'}
  [ 132/590]  1831.1s  Hybrid GWO-ABC         run 4 {'factor': 'iterations', 'value': '10'}
  [ 133/590]  1834.1s  Hybrid GWO-ABC         run 3 {'factor': 'abc_colony', 'value': '30'}
  [ 134/590]  1835.3s  Hybrid GWO-ABC         run 3 {'factor': 'iterations', 'value': '10'}
  [ 135/590]  1838.7s  Hybrid GWO-ABC         run 4 {'factor': 'abc_colony', 'value': '30'}
  [ 136/590]  1845.5s  Hybrid GWO-ABC         run 0 {'factor': 'abc_colony', 'value': '40'}
  [ 137/590]  1871.4s  Hybrid GWO-ABC         run 1 {'factor': 'abc_colony', 'value': '40'}
  [ 138/590]  1884.5s  Hybrid GWO-ABC         run 2 {'factor': 'abc_colony', 'value': '40'}
  [ 139/590]  1884.7s  Hybrid GWO-ABC         run 0 {'factor': 'iterations', 'value': '20'}
  [ 140/590]  1891.4s  Hybrid GWO-ABC         run 4 {'factor': 'abc_colony', 'value': '40'}
  [ 141/590]  1892.3s  Hybrid GWO-ABC         run 3 {'factor': 'abc_colony', 'value': '40'}
  [ 142/590]  1898.3s  Hybrid GWO-ABC         run 1 {'factor': 'iterations', 'value': '20'}
  [ 143/590]  1926.7s  Hybrid GWO-ABC         run 2 {'factor': 'iterations', 'value': '20'}
  [ 144/590]  1928.9s  Hybrid GWO-ABC         run 3 {'factor': 'iterations', 'value': '20'}
  [ 145/590]  1930.1s  Hybrid GWO-ABC         run 4 {'factor': 'iterations', 'value': '20'}
  [ 146/590]  1982.4s  Hybrid GWO-ABC         run 0 {'factor': 'iterations', 'value': '30'}
  [ 147/590]  1991.0s  Hybrid GWO-ABC         run 1 {'factor': 'iterations', 'value': '30'}
  [ 148/590]  2010.9s  Hybrid GWO-ABC         run 2 {'factor': 'iterations', 'value': '30'}
  [ 149/590]  2026.7s  Hybrid GWO-ABC         run 3 {'factor': 'iterations', 'value': '30'}
  [ 150/590]  2027.5s  Hybrid GWO-ABC         run 4 {'factor': 'iterations', 'value': '30'}
  [ 151/590]  2072.8s  Hybrid GWO-ABC         run 0 {'factor': 'weights', 'value': 'default (.30/.25/.20/.15/.10)'}
  [ 152/590]  2127.3s  Hybrid GWO-ABC         run 1 {'factor': 'weights', 'value': 'default (.30/.25/.20/.15/.10)'}
  [ 153/590]  2129.9s  Hybrid GWO-ABC         run 0 {'factor': 'iterations', 'value': '50'}
  [ 154/590]  2130.4s  Hybrid GWO-ABC         run 2 {'factor': 'iterations', 'value': '50'}
  [ 155/590]  2130.5s  Hybrid GWO-ABC         run 1 {'factor': 'iterations', 'value': '50'}
  [ 156/590]  2133.8s  Hybrid GWO-ABC         run 2 {'factor': 'weights', 'value': 'default (.30/.25/.20/.15/.10)'}
  [ 157/590]  2153.0s  Hybrid GWO-ABC         run 3 {'factor': 'weights', 'value': 'default (.30/.25/.20/.15/.10)'}
  [ 158/590]  2159.3s  Hybrid GWO-ABC         run 3 {'factor': 'iterations', 'value': '50'}
  [ 159/590]  2162.0s  Hybrid GWO-ABC         run 4 {'factor': 'iterations', 'value': '50'}
  [ 160/590]  2167.5s  Hybrid GWO-ABC         run 0 {'factor': 'weights', 'value': 'equal (.20 each)'}
  [ 161/590]  2171.6s  Hybrid GWO-ABC         run 4 {'factor': 'weights', 'value': 'default (.30/.25/.20/.15/.10)'}
  [ 162/590]  2214.0s  Hybrid GWO-ABC         run 1 {'factor': 'weights', 'value': 'equal (.20 each)'}
  [ 163/590]  2273.5s  Hybrid GWO-ABC         run 2 {'factor': 'weights', 'value': 'equal (.20 each)'}
  [ 164/590]  2274.4s  Hybrid GWO-ABC         run 0 {'factor': 'weights', 'value': 'energy-heavy (.50/.15/.15/.10/.10)'}
  [ 165/590]  2275.2s  Hybrid GWO-ABC         run 4 {'factor': 'weights', 'value': 'equal (.20 each)'}
  [ 166/590]  2279.4s  Hybrid GWO-ABC         run 1 {'factor': 'weights', 'value': 'energy-heavy (.50/.15/.15/.10/.10)'}
  [ 167/590]  2281.3s  Hybrid GWO-ABC         run 3 {'factor': 'weights', 'value': 'equal (.20 each)'}
  [ 168/590]  2294.7s  Hybrid GWO-ABC         run 2 {'factor': 'weights', 'value': 'energy-heavy (.50/.15/.15/.10/.10)'}
  [ 169/590]  2297.5s  Hybrid GWO-ABC         run 3 {'factor': 'weights', 'value': 'energy-heavy (.50/.15/.15/.10/.10)'}
  [ 170/590]  2304.2s  Hybrid GWO-ABC         run 4 {'factor': 'weights', 'value': 'energy-heavy (.50/.15/.15/.10/.10)'}
  [ 171/590]  2311.2s  Hybrid GWO-ABC         run 0 {'factor': 'weights', 'value': 'distance-heavy (.15/.35/.30/.10/.10)'}
  [ 172/590]  2317.8s  Hybrid GWO-ABC         run 1 {'factor': 'weights', 'value': 'distance-heavy (.15/.35/.30/.10/.10)'}
  [ 173/590]  2359.5s  Hybrid GWO-ABC         run 2 {'factor': 'weights', 'value': 'distance-heavy (.15/.35/.30/.10/.10)'}
  [ 174/590]  2413.7s  Hybrid GWO-ABC         run 0 {'factor': 'weights', 'value': 'balance-heavy (.20/.20/.15/.35/.10)'}
  [ 175/590]  2417.0s  Hybrid GWO-ABC         run 4 {'factor': 'weights', 'value': 'distance-heavy (.15/.35/.30/.10/.10)'}
  [ 176/590]  2418.9s  Hybrid GWO-ABC         run 1 {'factor': 'weights', 'value': 'balance-heavy (.20/.20/.15/.35/.10)'}
  [ 177/590]  2420.0s  Hybrid GWO-ABC         run 2 {'factor': 'weights', 'value': 'balance-heavy (.20/.20/.15/.35/.10)'}
  [ 178/590]  2428.2s  Hybrid GWO-ABC         run 3 {'factor': 'weights', 'value': 'distance-heavy (.15/.35/.30/.10/.10)'}
  [ 179/590]  2439.9s  Hybrid GWO-ABC         run 3 {'factor': 'weights', 'value': 'balance-heavy (.20/.20/.15/.35/.10)'}
  [ 180/590]  2440.0s  Hybrid GWO-ABC         run 4 {'factor': 'weights', 'value': 'balance-heavy (.20/.20/.15/.35/.10)'}
  [ 181/590]  2457.7s  Hybrid GWO-ABC         run 0 {'factor': 'ch_energy_threshold', 'value': '0.0'}
  [ 182/590]  2466.2s  Hybrid GWO-ABC         run 1 {'factor': 'ch_energy_threshold', 'value': '0.0'}
  [ 183/590]  2473.9s  Hybrid GWO-ABC         run 2 {'factor': 'ch_energy_threshold', 'value': '0.0'}
  [ 184/590]  2517.2s  Hybrid GWO-ABC         run 3 {'factor': 'ch_energy_threshold', 'value': '0.0'}
  [ 185/590]  2562.3s  Hybrid GWO-ABC         run 0 {'factor': 'ch_energy_threshold', 'value': '0.5'}
  [ 186/590]  2566.9s  Hybrid GWO-ABC         run 4 {'factor': 'ch_energy_threshold', 'value': '0.0'}
  [ 187/590]  2567.0s  Hybrid GWO-ABC         run 2 {'factor': 'ch_energy_threshold', 'value': '0.5'}
  [ 188/590]  2569.8s  Hybrid GWO-ABC         run 3 {'factor': 'ch_energy_threshold', 'value': '0.5'}
  [ 189/590]  2572.7s  Hybrid GWO-ABC         run 1 {'factor': 'ch_energy_threshold', 'value': '0.5'}
  [ 190/590]  2580.1s  Hybrid GWO-ABC         run 0 {'factor': 'ch_energy_threshold', 'value': '1.0'}
  [ 191/590]  2588.0s  Hybrid GWO-ABC         run 4 {'factor': 'ch_energy_threshold', 'value': '0.5'}
  [ 192/590]  2603.5s  Hybrid GWO-ABC         run 1 {'factor': 'ch_energy_threshold', 'value': '1.0'}
  [ 193/590]  2607.0s  Hybrid GWO-ABC         run 2 {'factor': 'ch_energy_threshold', 'value': '1.0'}
  [ 194/590]  2622.4s  Hybrid GWO-ABC         run 3 {'factor': 'ch_energy_threshold', 'value': '1.0'}
  [ 195/590]  2658.9s  ABC                    run 0 {'factor': 'n_nodes', 'value': '50'}
  [ 196/590]  2665.7s  ABC                    run 1 {'factor': 'n_nodes', 'value': '50'}
  [ 197/590]  2667.5s  ABC                    run 2 {'factor': 'n_nodes', 'value': '50'}
  [ 198/590]  2669.1s  Hybrid GWO-ABC         run 4 {'factor': 'ch_energy_threshold', 'value': '1.0'}
  [ 199/590]  2669.5s  ABC                    run 3 {'factor': 'n_nodes', 'value': '50'}
  [ 200/590]  2674.0s  ABC                    run 4 {'factor': 'n_nodes', 'value': '50'}
  [ 201/590]  2692.2s  ABC                    run 0 {'factor': 'n_nodes', 'value': '100'}
  [ 202/590]  2701.5s  ABC                    run 1 {'factor': 'n_nodes', 'value': '100'}
  [ 203/590]  2710.0s  ABC                    run 2 {'factor': 'n_nodes', 'value': '100'}
  [ 204/590]  2721.3s  ABC                    run 3 {'factor': 'n_nodes', 'value': '100'}
  [ 205/590]  2736.8s  ABC                    run 4 {'factor': 'n_nodes', 'value': '100'}
  [ 206/590]  2788.3s  ABC                    run 0 {'factor': 'n_nodes', 'value': '150'}
  [ 207/590]  2792.6s  ABC                    run 1 {'factor': 'n_nodes', 'value': '150'}
  [ 208/590]  2796.8s  ABC                    run 4 {'factor': 'n_nodes', 'value': '150'}
  [ 209/590]  2798.6s  ABC                    run 2 {'factor': 'n_nodes', 'value': '150'}
  [ 210/590]  2804.1s  ABC                    run 3 {'factor': 'n_nodes', 'value': '150'}
  [ 211/590]  2823.7s  ABC                    run 0 {'factor': 'n_nodes', 'value': '200'}
  [ 212/590]  2839.1s  ABC                    run 1 {'factor': 'n_nodes', 'value': '200'}
  [ 213/590]  2852.1s  ABC                    run 2 {'factor': 'n_nodes', 'value': '200'}
  [ 214/590]  2856.8s  ABC                    run 3 {'factor': 'n_nodes', 'value': '200'}
  [ 215/590]  2864.8s  ABC                    run 0 {'factor': 'area', 'value': '50'}
  [ 216/590]  2873.2s  ABC                    run 4 {'factor': 'n_nodes', 'value': '200'}
  [ 217/590]  2912.1s  ABC                    run 1 {'factor': 'area', 'value': '50'}
  [ 218/590]  2920.2s  ABC                    run 0 {'factor': 'area', 'value': '100'}
  [ 219/590]  2920.6s  ABC                    run 2 {'factor': 'area', 'value': '50'}
  [ 220/590]  2920.9s  ABC                    run 4 {'factor': 'area', 'value': '50'}
  [ 221/590]  2925.3s  ABC                    run 3 {'factor': 'area', 'value': '50'}
  [ 222/590]  2934.4s  ABC                    run 1 {'factor': 'area', 'value': '100'}
  [ 223/590]  2945.8s  ABC                    run 2 {'factor': 'area', 'value': '100'}
  [ 224/590]  2965.8s  ABC                    run 3 {'factor': 'area', 'value': '100'}
  [ 225/590]  2970.0s  ABC                    run 4 {'factor': 'area', 'value': '100'}
  [ 226/590]  2971.8s  ABC                    run 0 {'factor': 'area', 'value': '150'}
  [ 227/590]  2973.2s  ABC                    run 1 {'factor': 'area', 'value': '150'}
  [ 228/590]  3012.8s  ABC                    run 1 {'factor': 'area', 'value': '200'}
  [ 229/590]  3015.0s  ABC                    run 0 {'factor': 'area', 'value': '200'}
  [ 230/590]  3015.8s  ABC                    run 2 {'factor': 'area', 'value': '150'}
  [ 231/590]  3024.8s  ABC                    run 2 {'factor': 'area', 'value': '200'}
  [ 232/590]  3025.3s  ABC                    run 3 {'factor': 'area', 'value': '150'}
  [ 233/590]  3026.2s  ABC                    run 4 {'factor': 'area', 'value': '150'}
  [ 234/590]  3028.6s  ABC                    run 1 {'factor': 'initial_energy', 'value': '0.25'}
  [ 235/590]  3029.2s  ABC                    run 0 {'factor': 'initial_energy', 'value': '0.25'}
  [ 236/590]  3029.8s  ABC                    run 2 {'factor': 'initial_energy', 'value': '0.25'}
  [ 237/590]  3035.0s  ABC                    run 3 {'factor': 'area', 'value': '200'}
  [ 238/590]  3062.3s  ABC                    run 4 {'factor': 'area', 'value': '200'}
  [ 239/590]  3069.4s  ABC                    run 3 {'factor': 'initial_energy', 'value': '0.25'}
  [ 240/590]  3073.6s  ABC                    run 4 {'factor': 'initial_energy', 'value': '0.25'}
  [ 241/590]  3133.0s  ABC                    run 0 {'factor': 'initial_energy', 'value': '0.5'}
  [ 242/590]  3139.8s  ABC                    run 3 {'factor': 'initial_energy', 'value': '0.5'}
  [ 243/590]  3140.2s  ABC                    run 1 {'factor': 'initial_energy', 'value': '0.5'}
  [ 244/590]  3141.5s  ABC                    run 2 {'factor': 'initial_energy', 'value': '0.5'}
  [ 245/590]  3146.2s  ABC                    run 4 {'factor': 'initial_energy', 'value': '0.5'}
  [ 246/590]  3183.7s  ABC                    run 0 {'factor': 'ch_percentage', 'value': '0.03'}
  [ 247/590]  3227.0s  ABC                    run 0 {'factor': 'initial_energy', 'value': '1.0'}
  [ 248/590]  3234.2s  ABC                    run 2 {'factor': 'initial_energy', 'value': '1.0'}
  [ 249/590]  3235.8s  ABC                    run 1 {'factor': 'initial_energy', 'value': '1.0'}
  [ 250/590]  3248.2s  ABC                    run 2 {'factor': 'ch_percentage', 'value': '0.03'}
  [ 251/590]  3250.5s  ABC                    run 1 {'factor': 'ch_percentage', 'value': '0.03'}
  [ 252/590]  3253.6s  ABC                    run 3 {'factor': 'ch_percentage', 'value': '0.03'}
  [ 253/590]  3257.6s  ABC                    run 4 {'factor': 'ch_percentage', 'value': '0.03'}
  [ 254/590]  3263.4s  ABC                    run 3 {'factor': 'initial_energy', 'value': '1.0'}
  [ 255/590]  3267.6s  ABC                    run 4 {'factor': 'initial_energy', 'value': '1.0'}
  [ 256/590]  3272.5s  ABC                    run 0 {'factor': 'ch_percentage', 'value': '0.05'}
  [ 257/590]  3306.2s  ABC                    run 1 {'factor': 'ch_percentage', 'value': '0.05'}
  [ 258/590]  3347.0s  ABC                    run 2 {'factor': 'ch_percentage', 'value': '0.05'}
  [ 259/590]  3353.7s  ABC                    run 3 {'factor': 'ch_percentage', 'value': '0.05'}
  [ 260/590]  3357.7s  ABC                    run 4 {'factor': 'ch_percentage', 'value': '0.05'}
  [ 261/590]  3370.7s  ABC                    run 0 {'factor': 'ch_percentage', 'value': '0.08'}
  [ 262/590]  3375.3s  ABC                    run 1 {'factor': 'ch_percentage', 'value': '0.08'}
  [ 263/590]  3378.0s  ABC                    run 2 {'factor': 'ch_percentage', 'value': '0.08'}
  [ 264/590]  3379.3s  ABC                    run 3 {'factor': 'ch_percentage', 'value': '0.08'}
  [ 265/590]  3384.4s  ABC                    run 4 {'factor': 'ch_percentage', 'value': '0.08'}
  [ 266/590]  3397.1s  ABC                    run 0 {'factor': 'ch_percentage', 'value': '0.1'}
  [ 267/590]  3402.5s  ABC                    run 1 {'factor': 'ch_percentage', 'value': '0.1'}
  [ 268/590]  3431.3s  ABC                    run 2 {'factor': 'ch_percentage', 'value': '0.1'}
  [ 269/590]  3474.0s  ABC                    run 3 {'factor': 'ch_percentage', 'value': '0.1'}
  [ 270/590]  3477.1s  ABC                    run 0 {'factor': 'bs_position', 'value': '(50,50)'}
  [ 271/590]  3480.4s  ABC                    run 4 {'factor': 'ch_percentage', 'value': '0.1'}
  [ 272/590]  3491.2s  ABC                    run 1 {'factor': 'bs_position', 'value': '(50,50)'}
  [ 273/590]  3494.8s  ABC                    run 2 {'factor': 'bs_position', 'value': '(50,50)'}
  [ 274/590]  3498.8s  ABC                    run 3 {'factor': 'bs_position', 'value': '(50,50)'}
  [ 275/590]  3499.5s  ABC                    run 4 {'factor': 'bs_position', 'value': '(50,50)'}
  [ 276/590]  3501.4s  ABC                    run 0 {'factor': 'bs_position', 'value': '(50,100)'}
  [ 277/590]  3514.4s  ABC                    run 1 {'factor': 'bs_position', 'value': '(50,100)'}
  [ 278/590]  3520.3s  ABC                    run 2 {'factor': 'bs_position', 'value': '(50,100)'}
  [ 279/590]  3548.4s  ABC                    run 3 {'factor': 'bs_position', 'value': '(50,100)'}
  [ 280/590]  3580.5s  ABC                    run 0 {'factor': 'bs_position', 'value': '(50,150)'}
  [ 281/590]  3588.9s  ABC                    run 4 {'factor': 'bs_position', 'value': '(50,100)'}
  [ 282/590]  3589.1s  ABC                    run 1 {'factor': 'bs_position', 'value': '(50,150)'}
  [ 283/590]  3601.0s  ABC                    run 3 {'factor': 'bs_position', 'value': '(50,150)'}
  [ 284/590]  3602.4s  ABC                    run 2 {'factor': 'bs_position', 'value': '(50,150)'}
  [ 285/590]  3605.1s  ABC                    run 4 {'factor': 'bs_position', 'value': '(50,150)'}
  [ 286/590]  3611.7s  ABC                    run 1 {'factor': 'bs_position', 'value': '(0,0)'}
  [ 287/590]  3613.1s  ABC                    run 0 {'factor': 'bs_position', 'value': '(0,0)'}
  [ 288/590]  3628.9s  ABC                    run 2 {'factor': 'bs_position', 'value': '(0,0)'}
  [ 289/590]  3638.7s  ABC                    run 3 {'factor': 'bs_position', 'value': '(0,0)'}
  [ 290/590]  3667.5s  ABC                    run 4 {'factor': 'bs_position', 'value': '(0,0)'}
  [ 291/590]  3680.6s  ABC                    run 0 {'factor': 'abc_colony', 'value': '10'}
  [ 292/590]  3689.1s  ABC                    run 2 {'factor': 'abc_colony', 'value': '10'}
  [ 293/590]  3689.2s  ABC                    run 1 {'factor': 'abc_colony', 'value': '10'}
  [ 294/590]  3704.6s  ABC                    run 4 {'factor': 'abc_colony', 'value': '10'}
  [ 295/590]  3705.6s  ABC                    run 3 {'factor': 'abc_colony', 'value': '10'}
  [ 296/590]  3732.3s  ABC                    run 0 {'factor': 'abc_colony', 'value': '20'}
  [ 297/590]  3741.7s  ABC                    run 1 {'factor': 'abc_colony', 'value': '20'}
  [ 298/590]  3743.2s  ABC                    run 2 {'factor': 'abc_colony', 'value': '20'}
  [ 299/590]  3754.0s  ABC                    run 3 {'factor': 'abc_colony', 'value': '20'}
  [ 300/590]  3762.9s  ABC                    run 4 {'factor': 'abc_colony', 'value': '20'}
  [ 301/590]  3801.7s  ABC                    run 0 {'factor': 'iterations', 'value': '10'}
  [ 302/590]  3805.2s  ABC                    run 0 {'factor': 'abc_colony', 'value': '30'}
  [ 303/590]  3813.0s  ABC                    run 1 {'factor': 'abc_colony', 'value': '30'}
  [ 304/590]  3824.3s  ABC                    run 2 {'factor': 'abc_colony', 'value': '30'}
  [ 305/590]  3825.5s  ABC                    run 3 {'factor': 'abc_colony', 'value': '30'}
  [ 306/590]  3836.8s  ABC                    run 4 {'factor': 'abc_colony', 'value': '30'}
  [ 307/590]  3842.3s  ABC                    run 1 {'factor': 'iterations', 'value': '10'}
  [ 308/590]  3845.0s  ABC                    run 2 {'factor': 'iterations', 'value': '10'}
  [ 309/590]  3849.8s  ABC                    run 0 {'factor': 'abc_colony', 'value': '40'}
  [ 310/590]  3853.7s  ABC                    run 3 {'factor': 'iterations', 'value': '10'}
  [ 311/590]  3865.0s  ABC                    run 4 {'factor': 'iterations', 'value': '10'}
  [ 312/590]  3883.8s  ABC                    run 1 {'factor': 'abc_colony', 'value': '40'}
  [ 313/590]  3894.1s  ABC                    run 3 {'factor': 'abc_colony', 'value': '40'}
  [ 314/590]  3894.8s  ABC                    run 2 {'factor': 'abc_colony', 'value': '40'}
  [ 315/590]  3910.1s  ABC                    run 4 {'factor': 'abc_colony', 'value': '40'}
  [ 316/590]  3912.8s  ABC                    run 0 {'factor': 'iterations', 'value': '20'}
  [ 317/590]  3926.0s  ABC                    run 1 {'factor': 'iterations', 'value': '20'}
  [ 318/590]  3933.0s  ABC                    run 2 {'factor': 'iterations', 'value': '20'}
  [ 319/590]  3933.7s  ABC                    run 3 {'factor': 'iterations', 'value': '20'}
  [ 320/590]  3939.4s  ABC                    run 4 {'factor': 'iterations', 'value': '20'}
  [ 321/590]  3986.1s  ABC                    run 0 {'factor': 'iterations', 'value': '30'}
  [ 322/590]  4000.1s  ABC                    run 1 {'factor': 'iterations', 'value': '30'}
  [ 323/590]  4016.2s  ABC                    run 2 {'factor': 'iterations', 'value': '30'}
  [ 324/590]  4028.3s  ABC                    run 4 {'factor': 'iterations', 'value': '30'}
  [ 325/590]  4030.4s  ABC                    run 3 {'factor': 'iterations', 'value': '30'}
  [ 326/590]  4070.1s  ABC                    run 0 {'factor': 'ch_energy_threshold', 'value': '0.0'}
  [ 327/590]  4107.5s  ABC                    run 0 {'factor': 'iterations', 'value': '50'}
  [ 328/590]  4109.9s  ABC                    run 1 {'factor': 'iterations', 'value': '50'}
  [ 329/590]  4113.2s  ABC                    run 1 {'factor': 'ch_energy_threshold', 'value': '0.0'}
  [ 330/590]  4118.4s  ABC                    run 2 {'factor': 'ch_energy_threshold', 'value': '0.0'}
  [ 331/590]  4127.4s  ABC                    run 2 {'factor': 'iterations', 'value': '50'}
  [ 332/590]  4128.8s  ABC                    run 4 {'factor': 'iterations', 'value': '50'}
  [ 333/590]  4133.0s  ABC                    run 3 {'factor': 'iterations', 'value': '50'}
  [ 334/590]  4133.8s  ABC                    run 3 {'factor': 'ch_energy_threshold', 'value': '0.0'}
  [ 335/590]  4143.0s  ABC                    run 0 {'factor': 'ch_energy_threshold', 'value': '0.5'}
  [ 336/590]  4144.1s  ABC                    run 4 {'factor': 'ch_energy_threshold', 'value': '0.0'}
  [ 337/590]  4185.5s  ABC                    run 1 {'factor': 'ch_energy_threshold', 'value': '0.5'}
  [ 338/590]  4190.3s  GWO                    run 1 {'factor': 'n_nodes', 'value': '50'}
  [ 339/590]  4190.9s  GWO                    run 0 {'factor': 'n_nodes', 'value': '50'}
  [ 340/590]  4218.3s  ABC                    run 2 {'factor': 'ch_energy_threshold', 'value': '0.5'}
  [ 341/590]  4218.6s  ABC                    run 3 {'factor': 'ch_energy_threshold', 'value': '0.5'}
  [ 342/590]  4223.9s  ABC                    run 4 {'factor': 'ch_energy_threshold', 'value': '0.5'}
  [ 343/590]  4224.2s  ABC                    run 0 {'factor': 'ch_energy_threshold', 'value': '1.0'}
  [ 344/590]  4231.0s  GWO                    run 2 {'factor': 'n_nodes', 'value': '50'}
  [ 345/590]  4235.5s  ABC                    run 2 {'factor': 'ch_energy_threshold', 'value': '1.0'}
  [ 346/590]  4235.7s  ABC                    run 1 {'factor': 'ch_energy_threshold', 'value': '1.0'}
  [ 347/590]  4237.3s  GWO                    run 3 {'factor': 'n_nodes', 'value': '50'}
  [ 348/590]  4237.9s  GWO                    run 4 {'factor': 'n_nodes', 'value': '50'}
  [ 349/590]  4242.1s  ABC                    run 3 {'factor': 'ch_energy_threshold', 'value': '1.0'}
  [ 350/590]  4242.9s  ABC                    run 4 {'factor': 'ch_energy_threshold', 'value': '1.0'}
  [ 351/590]  4281.5s  GWO                    run 0 {'factor': 'n_nodes', 'value': '100'}
  [ 352/590]  4281.5s  GWO                    run 1 {'factor': 'n_nodes', 'value': '100'}
  [ 353/590]  4292.3s  GWO                    run 2 {'factor': 'n_nodes', 'value': '100'}
  [ 354/590]  4293.3s  GWO                    run 3 {'factor': 'n_nodes', 'value': '100'}
  [ 355/590]  4299.9s  GWO                    run 4 {'factor': 'n_nodes', 'value': '100'}
  [ 356/590]  4324.6s  GWO                    run 0 {'factor': 'n_nodes', 'value': '150'}
  [ 357/590]  4326.7s  GWO                    run 1 {'factor': 'n_nodes', 'value': '150'}
  [ 358/590]  4327.7s  GWO                    run 2 {'factor': 'n_nodes', 'value': '150'}
  [ 359/590]  4328.3s  GWO                    run 3 {'factor': 'n_nodes', 'value': '150'}
  [ 360/590]  4335.0s  GWO                    run 4 {'factor': 'n_nodes', 'value': '150'}
  [ 361/590]  4350.5s  GWO                    run 0 {'factor': 'n_nodes', 'value': '200'}
  [ 362/590]  4369.8s  GWO                    run 0 {'factor': 'area', 'value': '50'}
  [ 363/590]  4386.7s  GWO                    run 2 {'factor': 'n_nodes', 'value': '200'}
  [ 364/590]  4390.2s  GWO                    run 1 {'factor': 'n_nodes', 'value': '200'}
  [ 365/590]  4393.8s  GWO                    run 2 {'factor': 'area', 'value': '50'}
  [ 366/590]  4394.6s  GWO                    run 1 {'factor': 'area', 'value': '50'}
  [ 367/590]  4395.5s  GWO                    run 3 {'factor': 'n_nodes', 'value': '200'}
  [ 368/590]  4395.6s  GWO                    run 3 {'factor': 'area', 'value': '50'}
  [ 369/590]  4397.0s  GWO                    run 4 {'factor': 'area', 'value': '50'}
  [ 370/590]  4398.0s  GWO                    run 4 {'factor': 'n_nodes', 'value': '200'}
  [ 371/590]  4399.2s  GWO                    run 0 {'factor': 'area', 'value': '100'}
  [ 372/590]  4413.7s  GWO                    run 1 {'factor': 'area', 'value': '100'}
  [ 373/590]  4432.9s  GWO                    run 2 {'factor': 'area', 'value': '100'}
  [ 374/590]  4449.9s  GWO                    run 0 {'factor': 'area', 'value': '200'}
  [ 375/590]  4452.5s  GWO                    run 3 {'factor': 'area', 'value': '100'}
  [ 376/590]  4453.3s  GWO                    run 1 {'factor': 'area', 'value': '200'}
  [ 377/590]  4454.0s  GWO                    run 4 {'factor': 'area', 'value': '100'}
  [ 378/590]  4454.5s  GWO                    run 0 {'factor': 'area', 'value': '150'}
  [ 379/590]  4455.2s  GWO                    run 3 {'factor': 'area', 'value': '150'}
  [ 380/590]  4455.9s  GWO                    run 1 {'factor': 'area', 'value': '150'}
  [ 381/590]  4457.5s  GWO                    run 2 {'factor': 'area', 'value': '150'}
  [ 382/590]  4459.5s  GWO                    run 4 {'factor': 'area', 'value': '150'}
  [ 383/590]  4467.9s  GWO                    run 2 {'factor': 'area', 'value': '200'}
  [ 384/590]  4483.4s  GWO                    run 3 {'factor': 'area', 'value': '200'}
  [ 385/590]  4485.1s  GWO                    run 0 {'factor': 'initial_energy', 'value': '0.25'}
  [ 386/590]  4486.7s  GWO                    run 3 {'factor': 'initial_energy', 'value': '0.25'}
  [ 387/590]  4487.0s  GWO                    run 1 {'factor': 'initial_energy', 'value': '0.25'}
  [ 388/590]  4487.6s  GWO                    run 2 {'factor': 'initial_energy', 'value': '0.25'}
  [ 389/590]  4488.0s  GWO                    run 4 {'factor': 'initial_energy', 'value': '0.25'}
  [ 390/590]  4502.5s  GWO                    run 4 {'factor': 'area', 'value': '200'}
  [ 391/590]  4518.7s  GWO                    run 0 {'factor': 'initial_energy', 'value': '0.5'}
  [ 392/590]  4521.9s  GWO                    run 1 {'factor': 'initial_energy', 'value': '0.5'}
  [ 393/590]  4523.0s  GWO                    run 2 {'factor': 'initial_energy', 'value': '0.5'}
  [ 394/590]  4531.5s  GWO                    run 3 {'factor': 'initial_energy', 'value': '0.5'}
  [ 395/590]  4545.1s  GWO                    run 4 {'factor': 'initial_energy', 'value': '0.5'}
  [ 396/590]  4563.4s  GWO                    run 0 {'factor': 'ch_percentage', 'value': '0.03'}
  [ 397/590]  4576.3s  GWO                    run 1 {'factor': 'ch_percentage', 'value': '0.03'}
  [ 398/590]  4582.3s  GWO                    run 2 {'factor': 'ch_percentage', 'value': '0.03'}
  [ 399/590]  4584.8s  GWO                    run 3 {'factor': 'ch_percentage', 'value': '0.03'}
  [ 400/590]  4588.6s  GWO                    run 4 {'factor': 'ch_percentage', 'value': '0.03'}
  [ 401/590]  4592.8s  GWO                    run 0 {'factor': 'initial_energy', 'value': '1.0'}
  [ 402/590]  4594.7s  GWO                    run 1 {'factor': 'initial_energy', 'value': '1.0'}
  [ 403/590]  4595.6s  GWO                    run 3 {'factor': 'initial_energy', 'value': '1.0'}
  [ 404/590]  4596.1s  GWO                    run 2 {'factor': 'initial_energy', 'value': '1.0'}
  [ 405/590]  4597.9s  GWO                    run 4 {'factor': 'initial_energy', 'value': '1.0'}
  [ 406/590]  4608.0s  GWO                    run 0 {'factor': 'ch_percentage', 'value': '0.05'}
  [ 407/590]  4626.4s  GWO                    run 1 {'factor': 'ch_percentage', 'value': '0.05'}
  [ 408/590]  4638.7s  GWO                    run 2 {'factor': 'ch_percentage', 'value': '0.05'}
  [ 409/590]  4645.8s  GWO                    run 4 {'factor': 'ch_percentage', 'value': '0.05'}
  [ 410/590]  4647.5s  GWO                    run 3 {'factor': 'ch_percentage', 'value': '0.05'}
  [ 411/590]  4658.2s  GWO                    run 0 {'factor': 'ch_percentage', 'value': '0.08'}
  [ 412/590]  4660.2s  GWO                    run 1 {'factor': 'ch_percentage', 'value': '0.08'}
  [ 413/590]  4661.9s  GWO                    run 4 {'factor': 'ch_percentage', 'value': '0.08'}
  [ 414/590]  4662.5s  GWO                    run 2 {'factor': 'ch_percentage', 'value': '0.08'}
  [ 415/590]  4666.4s  GWO                    run 3 {'factor': 'ch_percentage', 'value': '0.08'}
  [ 416/590]  4668.6s  GWO                    run 0 {'factor': 'ch_percentage', 'value': '0.1'}
  [ 417/590]  4674.9s  GWO                    run 1 {'factor': 'ch_percentage', 'value': '0.1'}
  [ 418/590]  4690.8s  GWO                    run 2 {'factor': 'ch_percentage', 'value': '0.1'}
  [ 419/590]  4706.5s  GWO                    run 3 {'factor': 'ch_percentage', 'value': '0.1'}
  [ 420/590]  4712.9s  GWO                    run 0 {'factor': 'bs_position', 'value': '(50,50)'}
  [ 421/590]  4715.2s  GWO                    run 4 {'factor': 'ch_percentage', 'value': '0.1'}
  [ 422/590]  4720.1s  GWO                    run 1 {'factor': 'bs_position', 'value': '(50,50)'}
  [ 423/590]  4721.0s  GWO                    run 2 {'factor': 'bs_position', 'value': '(50,50)'}
  [ 424/590]  4723.3s  GWO                    run 4 {'factor': 'bs_position', 'value': '(50,50)'}
  [ 425/590]  4725.5s  GWO                    run 3 {'factor': 'bs_position', 'value': '(50,50)'}
  [ 426/590]  4729.6s  GWO                    run 0 {'factor': 'bs_position', 'value': '(50,100)'}
  [ 427/590]  4730.8s  GWO                    run 1 {'factor': 'bs_position', 'value': '(50,100)'}
  [ 428/590]  4737.8s  GWO                    run 2 {'factor': 'bs_position', 'value': '(50,100)'}
  [ 429/590]  4750.0s  GWO                    run 3 {'factor': 'bs_position', 'value': '(50,100)'}
  [ 430/590]  4766.8s  GWO                    run 4 {'factor': 'bs_position', 'value': '(50,100)'}
  [ 431/590]  4771.3s  GWO                    run 0 {'factor': 'bs_position', 'value': '(50,150)'}
  [ 432/590]  4771.4s  GWO                    run 1 {'factor': 'bs_position', 'value': '(50,150)'}
  [ 433/590]  4777.1s  GWO                    run 3 {'factor': 'bs_position', 'value': '(50,150)'}
  [ 434/590]  4778.0s  GWO                    run 2 {'factor': 'bs_position', 'value': '(50,150)'}
  [ 435/590]  4779.0s  GWO                    run 4 {'factor': 'bs_position', 'value': '(50,150)'}
  [ 436/590]  4785.7s  GWO                    run 0 {'factor': 'bs_position', 'value': '(0,0)'}
  [ 437/590]  4787.5s  GWO                    run 1 {'factor': 'bs_position', 'value': '(0,0)'}
  [ 438/590]  4791.2s  GWO                    run 2 {'factor': 'bs_position', 'value': '(0,0)'}
  [ 439/590]  4797.6s  GWO                    run 3 {'factor': 'bs_position', 'value': '(0,0)'}
  [ 440/590]  4809.9s  GWO                    run 4 {'factor': 'bs_position', 'value': '(0,0)'}
  [ 441/590]  4811.9s  GWO                    run 0 {'factor': 'gwo_population', 'value': '10'}
  [ 442/590]  4816.7s  GWO                    run 1 {'factor': 'gwo_population', 'value': '10'}
  [ 443/590]  4817.4s  GWO                    run 2 {'factor': 'gwo_population', 'value': '10'}
  [ 444/590]  4824.3s  GWO                    run 3 {'factor': 'gwo_population', 'value': '10'}
  [ 445/590]  4825.7s  GWO                    run 4 {'factor': 'gwo_population', 'value': '10'}
  [ 446/590]  4839.1s  GWO                    run 0 {'factor': 'gwo_population', 'value': '20'}
  [ 447/590]  4848.0s  GWO                    run 1 {'factor': 'gwo_population', 'value': '20'}
  [ 448/590]  4849.9s  GWO                    run 2 {'factor': 'gwo_population', 'value': '20'}
  [ 449/590]  4852.5s  GWO                    run 3 {'factor': 'gwo_population', 'value': '20'}
  [ 450/590]  4858.4s  GWO                    run 4 {'factor': 'gwo_population', 'value': '20'}
  [ 451/590]  4883.4s  GWO                    run 0 {'factor': 'iterations', 'value': '10'}
  [ 452/590]  4892.1s  GWO                    run 0 {'factor': 'gwo_population', 'value': '30'}
  [ 453/590]  4894.7s  GWO                    run 1 {'factor': 'gwo_population', 'value': '30'}
  [ 454/590]  4899.8s  GWO                    run 2 {'factor': 'gwo_population', 'value': '30'}
  [ 455/590]  4902.8s  GWO                    run 3 {'factor': 'gwo_population', 'value': '30'}
  [ 456/590]  4905.6s  GWO                    run 4 {'factor': 'gwo_population', 'value': '30'}
  [ 457/590]  4908.3s  GWO                    run 1 {'factor': 'iterations', 'value': '10'}
  [ 458/590]  4915.9s  GWO                    run 2 {'factor': 'iterations', 'value': '10'}
  [ 459/590]  4918.2s  GWO                    run 3 {'factor': 'iterations', 'value': '10'}
  [ 460/590]  4922.5s  GWO                    run 0 {'factor': 'gwo_population', 'value': '40'}
  [ 461/590]  4924.2s  GWO                    run 4 {'factor': 'iterations', 'value': '10'}
  [ 462/590]  4937.2s  GWO                    run 1 {'factor': 'gwo_population', 'value': '40'}
  [ 463/590]  4944.5s  GWO                    run 2 {'factor': 'gwo_population', 'value': '40'}
  [ 464/590]  4945.0s  GWO                    run 0 {'factor': 'iterations', 'value': '20'}
  [ 465/590]  4945.5s  GWO                    run 3 {'factor': 'gwo_population', 'value': '40'}
  [ 466/590]  4948.1s  GWO                    run 1 {'factor': 'iterations', 'value': '20'}
  [ 467/590]  4950.4s  GWO                    run 4 {'factor': 'gwo_population', 'value': '40'}
  [ 468/590]  4952.6s  GWO                    run 2 {'factor': 'iterations', 'value': '20'}
  [ 469/590]  4959.1s  GWO                    run 3 {'factor': 'iterations', 'value': '20'}
  [ 470/590]  4963.8s  GWO                    run 4 {'factor': 'iterations', 'value': '20'}
  [ 471/590]  4984.5s  GWO                    run 0 {'factor': 'iterations', 'value': '30'}
  [ 472/590]  4989.9s  GWO                    run 1 {'factor': 'iterations', 'value': '30'}
  [ 473/590]  5001.0s  GWO                    run 2 {'factor': 'iterations', 'value': '30'}
  [ 474/590]  5008.2s  GWO                    run 4 {'factor': 'iterations', 'value': '30'}
  [ 475/590]  5008.8s  GWO                    run 3 {'factor': 'iterations', 'value': '30'}
  [ 476/590]  5035.3s  GWO                    run 0 {'factor': 'ch_energy_threshold', 'value': '0.0'}
  [ 477/590]  5045.0s  GWO                    run 0 {'factor': 'iterations', 'value': '50'}
  [ 478/590]  5051.8s  GWO                    run 1 {'factor': 'iterations', 'value': '50'}
  [ 479/590]  5052.6s  GWO                    run 2 {'factor': 'iterations', 'value': '50'}
  [ 480/590]  5055.4s  GWO                    run 3 {'factor': 'iterations', 'value': '50'}
  [ 481/590]  5055.9s  GWO                    run 1 {'factor': 'ch_energy_threshold', 'value': '0.0'}
  [ 482/590]  5059.6s  GWO                    run 4 {'factor': 'iterations', 'value': '50'}
  [ 483/590]  5063.3s  GWO                    run 2 {'factor': 'ch_energy_threshold', 'value': '0.0'}
  [ 484/590]  5072.3s  GWO                    run 3 {'factor': 'ch_energy_threshold', 'value': '0.0'}
  [ 485/590]  5077.7s  GWO                    run 0 {'factor': 'ch_energy_threshold', 'value': '0.5'}
  [ 486/590]  5080.2s  LEACH                  run 0 {'factor': 'n_nodes', 'value': '50'}
  [ 487/590]  5081.4s  GWO                    run 4 {'factor': 'ch_energy_threshold', 'value': '0.0'}
  [ 488/590]  5082.5s  LEACH                  run 1 {'factor': 'n_nodes', 'value': '50'}
  [ 489/590]  5083.5s  LEACH                  run 2 {'factor': 'n_nodes', 'value': '50'}
  [ 490/590]  5085.0s  LEACH                  run 3 {'factor': 'n_nodes', 'value': '50'}
  [ 491/590]  5085.4s  LEACH                  run 4 {'factor': 'n_nodes', 'value': '50'}
  [ 492/590]  5087.6s  LEACH                  run 0 {'factor': 'n_nodes', 'value': '100'}
  [ 493/590]  5087.9s  LEACH                  run 1 {'factor': 'n_nodes', 'value': '100'}
  [ 494/590]  5089.8s  LEACH                  run 2 {'factor': 'n_nodes', 'value': '100'}
  [ 495/590]  5090.6s  LEACH                  run 3 {'factor': 'n_nodes', 'value': '100'}
  [ 496/590]  5092.8s  LEACH                  run 4 {'factor': 'n_nodes', 'value': '100'}
  [ 497/590]  5093.6s  LEACH                  run 0 {'factor': 'n_nodes', 'value': '150'}
  [ 498/590]  5096.0s  LEACH                  run 1 {'factor': 'n_nodes', 'value': '150'}
  [ 499/590]  5096.0s  LEACH                  run 2 {'factor': 'n_nodes', 'value': '150'}
  [ 500/590]  5098.6s  LEACH                  run 3 {'factor': 'n_nodes', 'value': '150'}
  [ 501/590]  5098.6s  LEACH                  run 4 {'factor': 'n_nodes', 'value': '150'}
  [ 502/590]  5101.3s  LEACH                  run 0 {'factor': 'n_nodes', 'value': '200'}
  [ 503/590]  5101.6s  LEACH                  run 1 {'factor': 'n_nodes', 'value': '200'}
  [ 504/590]  5104.4s  GWO                    run 1 {'factor': 'ch_energy_threshold', 'value': '0.5'}
  [ 505/590]  5104.4s  LEACH                  run 3 {'factor': 'n_nodes', 'value': '200'}
  [ 506/590]  5104.9s  LEACH                  run 2 {'factor': 'n_nodes', 'value': '200'}
  [ 507/590]  5107.5s  LEACH                  run 1 {'factor': 'area', 'value': '50'}
  [ 508/590]  5107.7s  LEACH                  run 0 {'factor': 'area', 'value': '50'}
  [ 509/590]  5108.0s  LEACH                  run 4 {'factor': 'n_nodes', 'value': '200'}
  [ 510/590]  5110.0s  LEACH                  run 3 {'factor': 'area', 'value': '50'}
  [ 511/590]  5110.5s  LEACH                  run 2 {'factor': 'area', 'value': '50'}
  [ 512/590]  5111.0s  LEACH                  run 4 {'factor': 'area', 'value': '50'}
  [ 513/590]  5112.0s  GWO                    run 2 {'factor': 'ch_energy_threshold', 'value': '0.5'}
  [ 514/590]  5112.7s  LEACH                  run 0 {'factor': 'area', 'value': '100'}
  [ 515/590]  5113.0s  LEACH                  run 1 {'factor': 'area', 'value': '100'}
  [ 516/590]  5113.3s  LEACH                  run 2 {'factor': 'area', 'value': '100'}
  [ 517/590]  5114.3s  LEACH                  run 3 {'factor': 'area', 'value': '100'}
  [ 518/590]  5115.1s  LEACH                  run 1 {'factor': 'area', 'value': '150'}
  [ 519/590]  5115.1s  LEACH                  run 0 {'factor': 'area', 'value': '150'}
  [ 520/590]  5115.2s  LEACH                  run 4 {'factor': 'area', 'value': '100'}
  [ 521/590]  5116.0s  LEACH                  run 2 {'factor': 'area', 'value': '150'}
  [ 522/590]  5116.7s  GWO                    run 2 {'factor': 'ch_energy_threshold', 'value': '1.0'}
  [ 523/590]  5117.0s  LEACH                  run 3 {'factor': 'area', 'value': '150'}
  [ 524/590]  5117.1s  LEACH                  run 0 {'factor': 'area', 'value': '200'}
  [ 525/590]  5117.4s  GWO                    run 3 {'factor': 'ch_energy_threshold', 'value': '0.5'}
  [ 526/590]  5117.4s  LEACH                  run 4 {'factor': 'area', 'value': '150'}
  [ 527/590]  5117.6s  LEACH                  run 1 {'factor': 'area', 'value': '200'}
  [ 528/590]  5117.9s  GWO                    run 0 {'factor': 'ch_energy_threshold', 'value': '1.0'}
  [ 529/590]  5118.4s  LEACH                  run 1 {'factor': 'initial_energy', 'value': '0.25'}
  [ 530/590]  5118.5s  LEACH                  run 2 {'factor': 'area', 'value': '200'}
  [ 531/590]  5118.7s  LEACH                  run 0 {'factor': 'initial_energy', 'value': '0.25'}
  [ 532/590]  5118.8s  LEACH                  run 3 {'factor': 'area', 'value': '200'}
  [ 533/590]  5118.8s  LEACH                  run 2 {'factor': 'initial_energy', 'value': '0.25'}
  [ 534/590]  5119.0s  LEACH                  run 4 {'factor': 'area', 'value': '200'}
  [ 535/590]  5119.1s  LEACH                  run 3 {'factor': 'initial_energy', 'value': '0.25'}
  [ 536/590]  5119.6s  LEACH                  run 4 {'factor': 'initial_energy', 'value': '0.25'}
  [ 537/590]  5120.1s  GWO                    run 1 {'factor': 'ch_energy_threshold', 'value': '1.0'}
  [ 538/590]  5120.7s  LEACH                  run 1 {'factor': 'initial_energy', 'value': '0.5'}
  [ 539/590]  5120.9s  GWO                    run 4 {'factor': 'ch_energy_threshold', 'value': '0.5'}
  [ 540/590]  5121.1s  LEACH                  run 0 {'factor': 'initial_energy', 'value': '0.5'}
  [ 541/590]  5121.3s  LEACH                  run 2 {'factor': 'initial_energy', 'value': '0.5'}
  [ 542/590]  5121.4s  LEACH                  run 3 {'factor': 'initial_energy', 'value': '0.5'}
  [ 543/590]  5121.6s  LEACH                  run 4 {'factor': 'initial_energy', 'value': '0.5'}
  [ 544/590]  5122.8s  LEACH                  run 0 {'factor': 'initial_energy', 'value': '1.0'}
  [ 545/590]  5123.2s  LEACH                  run 0 {'factor': 'ch_percentage', 'value': '0.03'}
  [ 546/590]  5123.8s  LEACH                  run 1 {'factor': 'initial_energy', 'value': '1.0'}
  [ 547/590]  5123.8s  LEACH                  run 1 {'factor': 'ch_percentage', 'value': '0.03'}
  [ 548/590]  5124.0s  LEACH                  run 2 {'factor': 'ch_percentage', 'value': '0.03'}
  [ 549/590]  5124.1s  LEACH                  run 2 {'factor': 'initial_energy', 'value': '1.0'}
  [ 550/590]  5124.2s  LEACH                  run 3 {'factor': 'ch_percentage', 'value': '0.03'}
  [ 551/590]  5124.8s  LEACH                  run 3 {'factor': 'initial_energy', 'value': '1.0'}
  [ 552/590]  5124.8s  LEACH                  run 4 {'factor': 'initial_energy', 'value': '1.0'}
  [ 553/590]  5124.9s  LEACH                  run 4 {'factor': 'ch_percentage', 'value': '0.03'}
  [ 554/590]  5125.5s  LEACH                  run 0 {'factor': 'ch_percentage', 'value': '0.05'}
  [ 555/590]  5125.9s  GWO                    run 3 {'factor': 'ch_energy_threshold', 'value': '1.0'}
  [ 556/590]  5126.2s  LEACH                  run 1 {'factor': 'ch_percentage', 'value': '0.05'}
  [ 557/590]  5126.3s  LEACH                  run 2 {'factor': 'ch_percentage', 'value': '0.05'}
  [ 558/590]  5126.4s  LEACH                  run 3 {'factor': 'ch_percentage', 'value': '0.05'}
  [ 559/590]  5126.7s  LEACH                  run 4 {'factor': 'ch_percentage', 'value': '0.05'}
  [ 560/590]  5126.8s  LEACH                  run 0 {'factor': 'ch_percentage', 'value': '0.08'}
  [ 561/590]  5127.5s  LEACH                  run 1 {'factor': 'ch_percentage', 'value': '0.08'}
  [ 562/590]  5127.5s  LEACH                  run 2 {'factor': 'ch_percentage', 'value': '0.08'}
  [ 563/590]  5127.6s  LEACH                  run 3 {'factor': 'ch_percentage', 'value': '0.08'}
  [ 564/590]  5128.4s  LEACH                  run 4 {'factor': 'ch_percentage', 'value': '0.08'}
  [ 565/590]  5128.6s  LEACH                  run 0 {'factor': 'ch_percentage', 'value': '0.1'}
  [ 566/590]  5129.1s  LEACH                  run 2 {'factor': 'ch_percentage', 'value': '0.1'}
  [ 567/590]  5129.3s  LEACH                  run 1 {'factor': 'ch_percentage', 'value': '0.1'}
  [ 568/590]  5129.4s  LEACH                  run 0 {'factor': 'bs_position', 'value': '(50,50)'}
  [ 569/590]  5129.4s  LEACH                  run 3 {'factor': 'ch_percentage', 'value': '0.1'}
  [ 570/590]  5129.7s  LEACH                  run 4 {'factor': 'ch_percentage', 'value': '0.1'}
  [ 571/590]  5129.8s  LEACH                  run 3 {'factor': 'bs_position', 'value': '(50,50)'}
  [ 572/590]  5130.0s  LEACH                  run 2 {'factor': 'bs_position', 'value': '(50,50)'}
  [ 573/590]  5130.1s  LEACH                  run 1 {'factor': 'bs_position', 'value': '(50,50)'}
  [ 574/590]  5130.8s  LEACH                  run 4 {'factor': 'bs_position', 'value': '(50,50)'}
  [ 575/590]  5131.3s  LEACH                  run 0 {'factor': 'bs_position', 'value': '(50,100)'}
  [ 576/590]  5131.6s  LEACH                  run 2 {'factor': 'bs_position', 'value': '(50,100)'}
  [ 577/590]  5131.6s  LEACH                  run 1 {'factor': 'bs_position', 'value': '(50,100)'}
  [ 578/590]  5132.0s  LEACH                  run 0 {'factor': 'bs_position', 'value': '(50,150)'}
  [ 579/590]  5132.0s  LEACH                  run 4 {'factor': 'bs_position', 'value': '(50,100)'}
  [ 580/590]  5132.1s  LEACH                  run 3 {'factor': 'bs_position', 'value': '(50,100)'}
  [ 581/590]  5132.4s  LEACH                  run 1 {'factor': 'bs_position', 'value': '(50,150)'}
  [ 582/590]  5132.5s  LEACH                  run 2 {'factor': 'bs_position', 'value': '(50,150)'}
  [ 583/590]  5132.5s  LEACH                  run 3 {'factor': 'bs_position', 'value': '(50,150)'}
  [ 584/590]  5133.0s  LEACH                  run 4 {'factor': 'bs_position', 'value': '(50,150)'}
  [ 585/590]  5133.5s  LEACH                  run 0 {'factor': 'bs_position', 'value': '(0,0)'}
  [ 586/590]  5133.6s  LEACH                  run 2 {'factor': 'bs_position', 'value': '(0,0)'}
  [ 587/590]  5133.8s  LEACH                  run 4 {'factor': 'bs_position', 'value': '(0,0)'}
  [ 588/590]  5133.8s  LEACH                  run 1 {'factor': 'bs_position', 'value': '(0,0)'}
  [ 589/590]  5133.8s  LEACH                  run 3 {'factor': 'bs_position', 'value': '(0,0)'}
  [ 590/590]  5134.2s  GWO                    run 4 {'factor': 'ch_energy_threshold', 'value': '1.0'}
