[Scenario S1_100nodes] 5 algorithms x 20 runs -> C:\Users\Admin\Hybrid-GWO-ABC-WSN\results\scenarios\S1_100nodes
  [   1/100]     4.0s  LEACH                  run 0 
  [   2/100]     4.0s  LEACH                  run 1 
  [   3/100]     4.4s  Random                 run 0 
  [   4/100]     4.4s  Random                 run 1 
  [   5/100]     4.4s  Random                 run 2 
  [   6/100]     5.5s  LEACH                  run 2 
  [   7/100]     6.3s  Random                 run 3 
  [   8/100]     6.9s  LEACH                  run 3 
  [   9/100]    39.6s  GWO                    run 0 
  [  10/100]    40.4s  GWO                    run 1 
  [  11/100]    41.6s  GWO                    run 2 
  [  12/100]    42.6s  Random                 run 4 
  [  13/100]    43.5s  LEACH                  run 4 
  [  14/100]    44.5s  GWO                    run 3 
  [  15/100]    77.8s  ABC                    run 0 
  [  16/100]    78.0s  ABC                    run 1 
  [  17/100]    80.2s  LEACH                  run 5 
  [  18/100]    80.3s  ABC                    run 2 
  [  19/100]    80.6s  Random                 run 5 
  [  20/100]    84.3s  ABC                    run 3 
  [  21/100]    87.3s  Random                 run 6 
  [  22/100]    90.0s  LEACH                  run 6 
  [  23/100]    90.9s  GWO                    run 4 
  [  24/100]   110.9s  Hybrid GWO-ABC         run 0 
  [  25/100]   113.3s  Hybrid GWO-ABC         run 1 
  [  26/100]   113.8s  Hybrid GWO-ABC         run 2 
  [  27/100]   116.5s  LEACH                  run 7 
  [  28/100]   116.7s  Random                 run 7 
  [  29/100]   140.3s  GWO                    run 5 
  [  30/100]   144.1s  ABC                    run 4 
  [  31/100]   147.3s  Random                 run 8 
  [  32/100]   150.1s  LEACH                  run 8 
  [  33/100]   152.5s  GWO                    run 6 
  [  34/100]   170.8s  Hybrid GWO-ABC         run 3 
  [  35/100]   177.6s  GWO                    run 7 
  [  36/100]   179.3s  Hybrid GWO-ABC         run 4 
  [  37/100]   180.8s  Random                 run 9 
  [  38/100]   182.0s  LEACH                  run 9 
  [  39/100]   193.7s  ABC                    run 5 
  [  40/100]   204.9s  ABC                    run 6 
  [  41/100]   208.2s  Random                 run 10 
  [  42/100]   210.8s  LEACH                  run 10 
  [  43/100]   213.1s  GWO                    run 8 
  [  44/100]   226.3s  Hybrid GWO-ABC         run 5 
  [  45/100]   230.6s  ABC                    run 7 
  [  46/100]   234.0s  Random                 run 11 
  [  47/100]   236.6s  LEACH                  run 11 
  [  48/100]   241.6s  GWO                    run 9 
  [  49/100]   259.6s  Hybrid GWO-ABC         run 6 
  [  50/100]   266.6s  ABC                    run 8 
  [  51/100]   270.0s  Random                 run 12 
  [  52/100]   272.7s  GWO                    run 10 
  [  53/100]   272.8s  LEACH                  run 12 
  [  54/100]   286.8s  Hybrid GWO-ABC         run 7 
  [  55/100]   295.0s  ABC                    run 9 
  [  56/100]   298.5s  Random                 run 13 
  [  57/100]   299.0s  GWO                    run 11 
  [  58/100]   301.5s  LEACH                  run 13 
  [  59/100]   322.6s  Hybrid GWO-ABC         run 8 
  [  60/100]   328.1s  ABC                    run 10 
  [  61/100]   331.9s  Random                 run 14 
  [  62/100]   334.6s  LEACH                  run 14 
  [  63/100]   336.1s  GWO                    run 12 
  [  64/100]   341.5s  Hybrid GWO-ABC         run 9 
  [  65/100]   357.1s  ABC                    run 11 
  [  66/100]   360.7s  Random                 run 15 
  [  67/100]   360.9s  GWO                    run 13 
  [  68/100]   363.4s  LEACH                  run 15 
  [  69/100]   379.1s  Hybrid GWO-ABC         run 10 
  [  70/100]   388.4s  ABC                    run 12 
  [  71/100]   391.7s  Random                 run 16 
  [  72/100]   394.3s  LEACH                  run 16 
  [  73/100]   396.2s  GWO                    run 14 
  [  74/100]   414.0s  Hybrid GWO-ABC         run 11 
  [  75/100]   414.9s  ABC                    run 13 
  [  76/100]   418.3s  Random                 run 17 
  [  77/100]   420.9s  LEACH                  run 17 
  [  78/100]   422.5s  GWO                    run 15 
  [  79/100]   437.5s  Hybrid GWO-ABC         run 12 
  [  80/100]   447.9s  ABC                    run 14 
  [  81/100]   451.2s  Random                 run 18 
  [  82/100]   453.9s  LEACH                  run 18 
  [  83/100]   456.8s  GWO                    run 16 
  [  84/100]   470.5s  Hybrid GWO-ABC         run 13 
  [  85/100]   475.7s  ABC                    run 15 
  [  86/100]   478.8s  Random                 run 19 
  [  87/100]   480.7s  GWO                    run 17 
  [  88/100]   481.5s  LEACH                  run 19 
  [  89/100]   489.2s  Hybrid GWO-ABC         run 14 
  [  90/100]   508.6s  ABC                    run 16 
  [  91/100]   513.8s  GWO                    run 18 
  [  92/100]   525.3s  Hybrid GWO-ABC         run 15 
  [  93/100]   528.6s  ABC                    run 17 
  [  94/100]   534.9s  GWO                    run 19 
  [  95/100]   546.0s  Hybrid GWO-ABC         run 16 
  [  96/100]   550.2s  ABC                    run 18 
  [  97/100]   557.4s  Hybrid GWO-ABC         run 17 
  [  98/100]   561.6s  ABC                    run 19 
  [  99/100]   568.4s  Hybrid GWO-ABC         run 18 
  [ 100/100]   572.3s  Hybrid GWO-ABC         run 19 
